11-15 21:15:40.335 15280 15301 I TestRunner: started: horizontal_list_button_is_displayed(com.example.dogglers.ButtonTests)
11-15 21:15:40.337 15280 15301 W Settings: Setting always_finish_activities has moved from android.provider.Settings.System to android.provider.Settings.Global, returning read-only value.
11-15 21:15:40.342   727   857 D SplashScreenView: Build android.window.SplashScreenView{5266613 V.E...... ......ID 0,0-0,0}
11-15 21:15:40.342   727   857 D SplashScreenView: Icon: view: null drawable: null size: 0
11-15 21:15:40.342   727   857 D SplashScreenView: Branding: view: android.view.View{a257050 G.ED..... ......I. 0,0-0,0 #10204a6 android:id/splashscreen_branding_view} drawable: null size w: 0 h: 0
11-15 21:15:40.349 15280 15280 D LifecycleMonitor: Lifecycle status change: androidx.test.core.app.InstrumentationActivityInvoker$BootstrapActivity@4100006 in: PRE_ON_CREATE
11-15 21:15:40.350 15280 15280 V ActivityScenario: Activity lifecycle changed event received but ignored because the intent does not match. startActivityIntent=Intent { act=android.intent.action.MAIN cat=[android.intent.category.LAUNCHER] cmp=com.example.dogglers/.MainActivity }, activity.getIntent()=Intent { act=android.intent.action.MAIN cat=[android.intent.category.LAUNCHER] flg=0x10008000 cmp=com.example.dogglers/androidx.test.core.app.InstrumentationActivityInvoker$BootstrapActivity (has extras) }, activity=androidx.test.core.app.InstrumentationActivityInvoker$BootstrapActivity@4100006
11-15 21:15:40.353 15280 15280 D LifecycleMonitor: Lifecycle status change: androidx.test.core.app.InstrumentationActivityInvoker$BootstrapActivity@4100006 in: CREATED
11-15 21:15:40.353 15280 15280 V ActivityScenario: Activity lifecycle changed event received but ignored because the intent does not match. startActivityIntent=Intent { act=android.intent.action.MAIN cat=[android.intent.category.LAUNCHER] cmp=com.example.dogglers/.MainActivity }, activity.getIntent()=Intent { act=android.intent.action.MAIN cat=[android.intent.category.LAUNCHER] flg=0x10008000 cmp=com.example.dogglers/androidx.test.core.app.InstrumentationActivityInvoker$BootstrapActivity (has extras) }, activity=androidx.test.core.app.InstrumentationActivityInvoker$BootstrapActivity@4100006
11-15 21:15:40.354 15280 15280 D LifecycleMonitor: Lifecycle status change: androidx.test.core.app.InstrumentationActivityInvoker$BootstrapActivity@4100006 in: STARTED
11-15 21:15:40.354 15280 15280 V ActivityScenario: Activity lifecycle changed event received but ignored because the intent does not match. startActivityIntent=Intent { act=android.intent.action.MAIN cat=[android.intent.category.LAUNCHER] cmp=com.example.dogglers/.MainActivity }, activity.getIntent()=Intent { act=android.intent.action.MAIN cat=[android.intent.category.LAUNCHER] flg=0x10008000 cmp=com.example.dogglers/androidx.test.core.app.InstrumentationActivityInvoker$BootstrapActivity (has extras) }, activity=androidx.test.core.app.InstrumentationActivityInvoker$BootstrapActivity@4100006
11-15 21:15:40.357 15280 15280 D LifecycleMonitor: Lifecycle status change: androidx.test.core.app.InstrumentationActivityInvoker$BootstrapActivity@4100006 in: RESUMED
11-15 21:15:40.358 15280 15280 V ActivityScenario: Activity lifecycle changed event received but ignored because the intent does not match. startActivityIntent=Intent { act=android.intent.action.MAIN cat=[android.intent.category.LAUNCHER] cmp=com.example.dogglers/.MainActivity }, activity.getIntent()=Intent { act=android.intent.action.MAIN cat=[android.intent.category.LAUNCHER] flg=0x10008000 cmp=com.example.dogglers/androidx.test.core.app.InstrumentationActivityInvoker$BootstrapActivity (has extras) }, activity=androidx.test.core.app.InstrumentationActivityInvoker$BootstrapActivity@4100006
11-15 21:15:40.360   361   414 D goldfish-address-space: claimShared: Ask to claim region [0x3eef70000 0x3ef914000]
11-15 21:15:40.363   361   414 D goldfish-address-space: claimShared: Ask to claim region [0x3f1865000 0x3f2209000]
11-15 21:15:40.364   361   414 D goldfish-address-space: claimShared: Ask to claim region [0x3f4a42000 0x3f53e6000]
11-15 21:15:40.365 15280 15280 D LifecycleMonitor: Lifecycle status change: androidx.test.core.app.InstrumentationActivityInvoker$BootstrapActivity@4100006 in: PAUSED
11-15 21:15:40.365 15280 15280 V ActivityScenario: Activity lifecycle changed event received but ignored because the intent does not match. startActivityIntent=Intent { act=android.intent.action.MAIN cat=[android.intent.category.LAUNCHER] cmp=com.example.dogglers/.MainActivity }, activity.getIntent()=Intent { act=android.intent.action.MAIN cat=[android.intent.category.LAUNCHER] flg=0x10008000 cmp=com.example.dogglers/androidx.test.core.app.InstrumentationActivityInvoker$BootstrapActivity (has extras) }, activity=androidx.test.core.app.InstrumentationActivityInvoker$BootstrapActivity@4100006
11-15 21:15:40.371 15280 15280 D LifecycleMonitor: Lifecycle status change: com.example.dogglers.MainActivity@cd92c60 in: PRE_ON_CREATE
11-15 21:15:40.371 15280 15280 V ActivityScenario: Activity lifecycle changed event received but ignored because the reported transition was not ON_CREATE while the last known transition was PRE_ON_CREATE
11-15 21:15:40.382 15280 15280 D LifecycleMonitor: Lifecycle status change: com.example.dogglers.MainActivity@cd92c60 in: CREATED
11-15 21:15:40.382 15280 15280 V ActivityScenario: Update currentActivityStage to CREATED, currentActivity=com.example.dogglers.MainActivity@cd92c60
11-15 21:15:40.382 15280 15280 D LifecycleMonitor: Lifecycle status change: com.example.dogglers.MainActivity@cd92c60 in: STARTED
11-15 21:15:40.382 15280 15280 V ActivityScenario: Update currentActivityStage to STARTED, currentActivity=com.example.dogglers.MainActivity@cd92c60
11-15 21:15:40.383 15280 15280 D LifecycleMonitor: Lifecycle status change: com.example.dogglers.MainActivity@cd92c60 in: RESUMED
11-15 21:15:40.383 15280 15280 V ActivityScenario: Update currentActivityStage to RESUMED, currentActivity=com.example.dogglers.MainActivity@cd92c60
11-15 21:15:40.389 15280 15280 D LifecycleMonitor: Lifecycle status change: androidx.test.core.app.InstrumentationActivityInvoker$BootstrapActivity@4100006 in: STOPPED
11-15 21:15:40.389   727   920 D EGL_emulation: app_time_stats: avg=67.52ms min=14.38ms max=519.38ms count=18
11-15 21:15:40.389 15280 15280 V ActivityScenario: Activity lifecycle changed event received but ignored because the intent does not match. startActivityIntent=Intent { act=android.intent.action.MAIN cat=[android.intent.category.LAUNCHER] cmp=com.example.dogglers/.MainActivity }, activity.getIntent()=Intent { act=android.intent.action.MAIN cat=[android.intent.category.LAUNCHER] flg=0x10008000 cmp=com.example.dogglers/androidx.test.core.app.InstrumentationActivityInvoker$BootstrapActivity (has extras) }, activity=androidx.test.core.app.InstrumentationActivityInvoker$BootstrapActivity@4100006
11-15 21:15:40.390   727   920 D EGL_emulation: app_time_stats: avg=32.63ms min=12.31ms max=434.70ms count=37
11-15 21:15:40.396   361   414 D goldfish-address-space: claimShared: Ask to claim region [0x3f53e6000 0x3f5d8a000]
11-15 21:15:40.399   361   414 D goldfish-address-space: claimShared: Ask to claim region [0x3f5d8a000 0x3f672e000]
11-15 21:15:40.400   361   414 D goldfish-address-space: claimShared: Ask to claim region [0x3f672e000 0x3f70d2000]
11-15 21:15:40.407   550   572 I ActivityTaskManager: Displayed com.example.dogglers/.MainActivity: +67ms
11-15 21:15:40.409 15280 15280 D RootViewPicker: Root not ready - waiting: 10ms for one to appear.
11-15 21:15:40.424  1283  1283 I GoogleInputMethodService: GoogleInputMethodService.onFinishInput():3420
11-15 21:15:40.425  1283  1283 I GoogleInputMethodService: GoogleInputMethodService.onStartInput():2002
11-15 21:15:40.425  1283  1283 I DeviceUnlockedTag: DeviceUnlockedTag.notifyDeviceLockStatusChanged():31 Notify device unlocked.
11-15 21:15:40.446  1368  1368 I GsaVoiceInteractionSrv: Handling ACTION_STOP_HOTWORD
11-15 21:15:40.446  1368  1368 E HwDetectorWithState: a: 3
11-15 21:15:40.457 15280 15280 I ViewInteraction: Checking 'MatchesViewAssertion{viewMatcher=(view has effective visibility <VISIBLE> and view.getGlobalVisibleRect() to return non-empty rectangle)}' assertion on view view.getId() is <2131230947/com.example.dogglers:id/horizontal_btn>
11-15 21:15:40.461 15280 15280 D LifecycleMonitor: Lifecycle status change: com.example.dogglers.MainActivity@cd92c60 in: PAUSED
11-15 21:15:40.461 15280 15280 V ActivityScenario: Update currentActivityStage to PAUSED, currentActivity=com.example.dogglers.MainActivity@cd92c60
11-15 21:15:40.464 15280 15280 D LifecycleMonitor: Lifecycle status change: androidx.test.core.app.InstrumentationActivityInvoker$EmptyActivity@1de21b9 in: PRE_ON_CREATE
11-15 21:15:40.465 15280 15280 V ActivityScenario: Activity lifecycle changed event received but ignored because the intent does not match. startActivityIntent=Intent { act=android.intent.action.MAIN cat=[android.intent.category.LAUNCHER] cmp=com.example.dogglers/.MainActivity }, activity.getIntent()=Intent { act=android.intent.action.MAIN cat=[android.intent.category.LAUNCHER] flg=0x10000000 cmp=com.example.dogglers/androidx.test.core.app.InstrumentationActivityInvoker$EmptyActivity }, activity=androidx.test.core.app.InstrumentationActivityInvoker$EmptyActivity@1de21b9
11-15 21:15:40.467 15280 15280 D LifecycleMonitor: Lifecycle status change: androidx.test.core.app.InstrumentationActivityInvoker$EmptyActivity@1de21b9 in: CREATED
11-15 21:15:40.467 15280 15280 V ActivityScenario: Activity lifecycle changed event received but ignored because the intent does not match. startActivityIntent=Intent { act=android.intent.action.MAIN cat=[android.intent.category.LAUNCHER] cmp=com.example.dogglers/.MainActivity }, activity.getIntent()=Intent { act=android.intent.action.MAIN cat=[android.intent.category.LAUNCHER] flg=0x10000000 cmp=com.example.dogglers/androidx.test.core.app.InstrumentationActivityInvoker$EmptyActivity }, activity=androidx.test.core.app.InstrumentationActivityInvoker$EmptyActivity@1de21b9
11-15 21:15:40.467 15280 15280 D LifecycleMonitor: Lifecycle status change: androidx.test.core.app.InstrumentationActivityInvoker$EmptyActivity@1de21b9 in: STARTED
11-15 21:15:40.467 15280 15280 V ActivityScenario: Activity lifecycle changed event received but ignored because the intent does not match. startActivityIntent=Intent { act=android.intent.action.MAIN cat=[android.intent.category.LAUNCHER] cmp=com.example.dogglers/.MainActivity }, activity.getIntent()=Intent { act=android.intent.action.MAIN cat=[android.intent.category.LAUNCHER] flg=0x10000000 cmp=com.example.dogglers/androidx.test.core.app.InstrumentationActivityInvoker$EmptyActivity }, activity=androidx.test.core.app.InstrumentationActivityInvoker$EmptyActivity@1de21b9
11-15 21:15:40.469 15280 15280 D LifecycleMonitor: Lifecycle status change: androidx.test.core.app.InstrumentationActivityInvoker$EmptyActivity@1de21b9 in: RESUMED
11-15 21:15:40.469 15280 15280 V ActivityScenario: Activity lifecycle changed event received but ignored because the intent does not match. startActivityIntent=Intent { act=android.intent.action.MAIN cat=[android.intent.category.LAUNCHER] cmp=com.example.dogglers/.MainActivity }, activity.getIntent()=Intent { act=android.intent.action.MAIN cat=[android.intent.category.LAUNCHER] flg=0x10000000 cmp=com.example.dogglers/androidx.test.core.app.InstrumentationActivityInvoker$EmptyActivity }, activity=androidx.test.core.app.InstrumentationActivityInvoker$EmptyActivity@1de21b9
11-15 21:15:40.476   361   414 D goldfish-address-space: claimShared: Ask to claim region [0x3f70d2000 0x3f7a76000]
11-15 21:15:40.478   361   414 D goldfish-address-space: claimShared: Ask to claim region [0x3fb2d6000 0x3fbc7a000]
11-15 21:15:40.480   361   414 D goldfish-address-space: claimShared: Ask to claim region [0x3fa72b000 0x3fb0cf000]
11-15 21:15:40.482   550   572 I ActivityTaskManager: Displayed com.example.dogglers/androidx.test.core.app.InstrumentationActivityInvoker$EmptyActivity: +22ms
11-15 21:15:40.494  1283  1283 I GoogleInputMethodService: GoogleInputMethodService.onFinishInput():3420
11-15 21:15:40.494  1283  1283 I GoogleInputMethodService: GoogleInputMethodService.onStartInput():2002
11-15 21:15:40.494  1283  1283 I DeviceUnlockedTag: DeviceUnlockedTag.notifyDeviceLockStatusChanged():31 Notify device unlocked.
11-15 21:15:40.506 15280 15280 D LifecycleMonitor: Lifecycle status change: androidx.test.core.app.InstrumentationActivityInvoker$EmptyActivity@1de21b9 in: PAUSED
11-15 21:15:40.506 15280 15280 V ActivityScenario: Activity lifecycle changed event received but ignored because the intent does not match. startActivityIntent=Intent { act=android.intent.action.MAIN cat=[android.intent.category.LAUNCHER] cmp=com.example.dogglers/.MainActivity }, activity.getIntent()=Intent { act=android.intent.action.MAIN cat=[android.intent.category.LAUNCHER] flg=0x10000000 cmp=com.example.dogglers/androidx.test.core.app.InstrumentationActivityInvoker$EmptyActivity }, activity=androidx.test.core.app.InstrumentationActivityInvoker$EmptyActivity@1de21b9
11-15 21:15:40.510 15280 15280 D LifecycleMonitor: Lifecycle status change: androidx.test.core.app.InstrumentationActivityInvoker$BootstrapActivity@4100006 in: DESTROYED
11-15 21:15:40.510 15280 15280 V ActivityScenario: Activity lifecycle changed event received but ignored because the intent does not match. startActivityIntent=Intent { act=android.intent.action.MAIN cat=[android.intent.category.LAUNCHER] cmp=com.example.dogglers/.MainActivity }, activity.getIntent()=Intent { act=android.intent.action.MAIN cat=[android.intent.category.LAUNCHER] flg=0x10008000 cmp=com.example.dogglers/androidx.test.core.app.InstrumentationActivityInvoker$BootstrapActivity (has extras) }, activity=androidx.test.core.app.InstrumentationActivityInvoker$BootstrapActivity@4100006
11-15 21:15:40.524 15280 15280 D LifecycleMonitor: Lifecycle status change: androidx.test.core.app.InstrumentationActivityInvoker$EmptyActivity@1463ad6 in: PRE_ON_CREATE
11-15 21:15:40.524 15280 15280 V ActivityScenario: Activity lifecycle changed event received but ignored because the intent does not match. startActivityIntent=Intent { act=android.intent.action.MAIN cat=[android.intent.category.LAUNCHER] cmp=com.example.dogglers/.MainActivity }, activity.getIntent()=Intent { act=android.intent.action.MAIN cat=[android.intent.category.LAUNCHER] flg=0x10000000 cmp=com.example.dogglers/androidx.test.core.app.InstrumentationActivityInvoker$EmptyActivity }, activity=androidx.test.core.app.InstrumentationActivityInvoker$EmptyActivity@1463ad6
11-15 21:15:40.527 15280 15280 D LifecycleMonitor: Lifecycle status change: androidx.test.core.app.InstrumentationActivityInvoker$EmptyActivity@1463ad6 in: CREATED
11-15 21:15:40.527 15280 15280 V ActivityScenario: Activity lifecycle changed event received but ignored because the intent does not match. startActivityIntent=Intent { act=android.intent.action.MAIN cat=[android.intent.category.LAUNCHER] cmp=com.example.dogglers/.MainActivity }, activity.getIntent()=Intent { act=android.intent.action.MAIN cat=[android.intent.category.LAUNCHER] flg=0x10000000 cmp=com.example.dogglers/androidx.test.core.app.InstrumentationActivityInvoker$EmptyActivity }, activity=androidx.test.core.app.InstrumentationActivityInvoker$EmptyActivity@1463ad6
11-15 21:15:40.527 15280 15280 D LifecycleMonitor: Lifecycle status change: androidx.test.core.app.InstrumentationActivityInvoker$EmptyActivity@1463ad6 in: STARTED
11-15 21:15:40.528 15280 15280 V ActivityScenario: Activity lifecycle changed event received but ignored because the intent does not match. startActivityIntent=Intent { act=android.intent.action.MAIN cat=[android.intent.category.LAUNCHER] cmp=com.example.dogglers/.MainActivity }, activity.getIntent()=Intent { act=android.intent.action.MAIN cat=[android.intent.category.LAUNCHER] flg=0x10000000 cmp=com.example.dogglers/androidx.test.core.app.InstrumentationActivityInvoker$EmptyActivity }, activity=androidx.test.core.app.InstrumentationActivityInvoker$EmptyActivity@1463ad6
11-15 21:15:40.528 15280 15280 D LifecycleMonitor: Lifecycle status change: androidx.test.core.app.InstrumentationActivityInvoker$EmptyActivity@1463ad6 in: RESUMED
11-15 21:15:40.528 15280 15280 V ActivityScenario: Activity lifecycle changed event received but ignored because the intent does not match. startActivityIntent=Intent { act=android.intent.action.MAIN cat=[android.intent.category.LAUNCHER] cmp=com.example.dogglers/.MainActivity }, activity.getIntent()=Intent { act=android.intent.action.MAIN cat=[android.intent.category.LAUNCHER] flg=0x10000000 cmp=com.example.dogglers/androidx.test.core.app.InstrumentationActivityInvoker$EmptyActivity }, activity=androidx.test.core.app.InstrumentationActivityInvoker$EmptyActivity@1463ad6
11-15 21:15:40.543   361   414 D goldfish-address-space: claimShared: Ask to claim region [0x3f8000000 0x3f89a4000]
11-15 21:15:40.544   361   414 D goldfish-address-space: claimShared: Ask to claim region [0x3f89a4000 0x3f9348000]
11-15 21:15:40.546   361   361 D goldfish-address-space: claimShared: Ask to claim region [0x3f9348000 0x3f9cec000]
11-15 21:15:40.549   550   572 I ActivityTaskManager: Displayed com.example.dogglers/androidx.test.core.app.InstrumentationActivityInvoker$EmptyActivity: +58ms
11-15 21:15:40.556   361   361 D goldfish-address-space: claimShared: Ask to claim region [0x3ef914000 0x3eff40000]
11-15 21:15:40.560 15280 15280 D LifecycleMonitor: Lifecycle status change: androidx.test.core.app.InstrumentationActivityInvoker$EmptyActivity@1463ad6 in: PAUSED
11-15 21:15:40.560 15280 15280 V ActivityScenario: Activity lifecycle changed event received but ignored because the intent does not match. startActivityIntent=Intent { act=android.intent.action.MAIN cat=[android.intent.category.LAUNCHER] cmp=com.example.dogglers/.MainActivity }, activity.getIntent()=Intent { act=android.intent.action.MAIN cat=[android.intent.category.LAUNCHER] flg=0x10000000 cmp=com.example.dogglers/androidx.test.core.app.InstrumentationActivityInvoker$EmptyActivity }, activity=androidx.test.core.app.InstrumentationActivityInvoker$EmptyActivity@1463ad6
11-15 21:15:40.566  1368  1368 I GsaVoiceInteractionSrv: Handling ACTION_START_HOTWORD
11-15 21:15:40.566  1368  1368 I GsaVoiceInteractionSrv: disregardVoiceMatch: false
11-15 21:15:40.566  1368  1368 I GsaVoiceInteractionSrv: Cannot start hotword, hotword has been explicitly disabled.
11-15 21:15:40.690   550  2574 W InputManager-JNI: Input channel object '71675a8 Splash Screen com.example.dogglers (client)' was disposed without first being removed with the input manager!
11-15 21:15:40.707  1283  1283 I GoogleInputMethodService: GoogleInputMethodService.onFinishInput():3420
11-15 21:15:40.707  1283  1283 I GoogleInputMethodService: GoogleInputMethodService.onStartInput():2002
11-15 21:15:40.708  1283  1283 I DeviceUnlockedTag: DeviceUnlockedTag.notifyDeviceLockStatusChanged():31 Notify device unlocked.
11-15 21:15:40.838  1086  1533 D EGL_emulation: app_time_stats: avg=19.54ms min=13.22ms max=116.52ms count=52
11-15 21:15:41.052 15280 15280 D LifecycleMonitor: Lifecycle status change: androidx.test.core.app.InstrumentationActivityInvoker$EmptyActivity@1463ad6 in: STOPPED
11-15 21:15:41.052 15280 15280 V ActivityScenario: Activity lifecycle changed event received but ignored because the intent does not match. startActivityIntent=Intent { act=android.intent.action.MAIN cat=[android.intent.category.LAUNCHER] cmp=com.example.dogglers/.MainActivity }, activity.getIntent()=Intent { act=android.intent.action.MAIN cat=[android.intent.category.LAUNCHER] flg=0x10000000 cmp=com.example.dogglers/androidx.test.core.app.InstrumentationActivityInvoker$EmptyActivity }, activity=androidx.test.core.app.InstrumentationActivityInvoker$EmptyActivity@1463ad6
11-15 21:15:41.053 15280 15280 D LifecycleMonitor: Lifecycle status change: androidx.test.core.app.InstrumentationActivityInvoker$EmptyActivity@1463ad6 in: DESTROYED
11-15 21:15:41.053 15280 15280 V ActivityScenario: Activity lifecycle changed event received but ignored because the intent does not match. startActivityIntent=Intent { act=android.intent.action.MAIN cat=[android.intent.category.LAUNCHER] cmp=com.example.dogglers/.MainActivity }, activity.getIntent()=Intent { act=android.intent.action.MAIN cat=[android.intent.category.LAUNCHER] flg=0x10000000 cmp=com.example.dogglers/androidx.test.core.app.InstrumentationActivityInvoker$EmptyActivity }, activity=androidx.test.core.app.InstrumentationActivityInvoker$EmptyActivity@1463ad6
11-15 21:15:41.054   550  4372 W InputManager-JNI: Input channel object '8bd4cb9 com.example.dogglers/androidx.test.core.app.InstrumentationActivityInvoker$EmptyActivity (client)' was disposed without first being removed with the input manager!
11-15 21:15:41.056 15280 15280 D LifecycleMonitor: Lifecycle status change: androidx.test.core.app.InstrumentationActivityInvoker$EmptyActivity@1de21b9 in: STOPPED
11-15 21:15:41.056 15280 15280 V ActivityScenario: Activity lifecycle changed event received but ignored because the intent does not match. startActivityIntent=Intent { act=android.intent.action.MAIN cat=[android.intent.category.LAUNCHER] cmp=com.example.dogglers/.MainActivity }, activity.getIntent()=Intent { act=android.intent.action.MAIN cat=[android.intent.category.LAUNCHER] flg=0x10000000 cmp=com.example.dogglers/androidx.test.core.app.InstrumentationActivityInvoker$EmptyActivity }, activity=androidx.test.core.app.InstrumentationActivityInvoker$EmptyActivity@1de21b9
11-15 21:15:41.056 15280 15280 D LifecycleMonitor: Lifecycle status change: androidx.test.core.app.InstrumentationActivityInvoker$EmptyActivity@1de21b9 in: DESTROYED
11-15 21:15:41.057 15280 15280 V ActivityScenario: Activity lifecycle changed event received but ignored because the intent does not match. startActivityIntent=Intent { act=android.intent.action.MAIN cat=[android.intent.category.LAUNCHER] cmp=com.example.dogglers/.MainActivity }, activity.getIntent()=Intent { act=android.intent.action.MAIN cat=[android.intent.category.LAUNCHER] flg=0x10000000 cmp=com.example.dogglers/androidx.test.core.app.InstrumentationActivityInvoker$EmptyActivity }, activity=androidx.test.core.app.InstrumentationActivityInvoker$EmptyActivity@1de21b9
11-15 21:15:41.058   550  4372 W InputManager-JNI: Input channel object '404fb4d com.example.dogglers/androidx.test.core.app.InstrumentationActivityInvoker$EmptyActivity (client)' was disposed without first being removed with the input manager!
11-15 21:15:41.059 15280 15280 D LifecycleMonitor: Lifecycle status change: com.example.dogglers.MainActivity@cd92c60 in: STOPPED
11-15 21:15:41.059 15280 15280 V ActivityScenario: Update currentActivityStage to STOPPED, currentActivity=com.example.dogglers.MainActivity@cd92c60
11-15 21:15:41.060 15280 15280 D LifecycleMonitor: Lifecycle status change: com.example.dogglers.MainActivity@cd92c60 in: DESTROYED
11-15 21:15:41.060 15280 15280 V ActivityScenario: Update currentActivityStage to DESTROYED, currentActivity=null
11-15 21:15:41.067 15280 15301 I TestRunner: finished: horizontal_list_button_is_displayed(com.example.dogglers.ButtonTests)
