11-15 21:15:36.590 15280 15301 I TestRunner: started: clicking_horizontal_list_button_displays_horizontal_list(com.example.dogglers.ButtonTests)
11-15 21:15:36.592 15280 15301 W Settings: Setting always_finish_activities has moved from android.provider.Settings.System to android.provider.Settings.Global, returning read-only value.
11-15 21:15:36.598   727   857 D SplashScreenView: Build android.window.SplashScreenView{a2a804 V.E...... ......ID 0,0-0,0}
11-15 21:15:36.598   727   857 D SplashScreenView: Icon: view: null drawable: null size: 0
11-15 21:15:36.598   727   857 D SplashScreenView: Branding: view: android.view.View{b8af1ed G.ED..... ......I. 0,0-0,0 #10204a6 android:id/splashscreen_branding_view} drawable: null size w: 0 h: 0
11-15 21:15:36.603 15280 15280 D LifecycleMonitor: Lifecycle status change: androidx.test.core.app.InstrumentationActivityInvoker$BootstrapActivity@6a6d04a in: PRE_ON_CREATE
11-15 21:15:36.603 15280 15280 V ActivityScenario: Activity lifecycle changed event received but ignored because the intent does not match. startActivityIntent=Intent { act=android.intent.action.MAIN cat=[android.intent.category.LAUNCHER] cmp=com.example.dogglers/.MainActivity }, activity.getIntent()=Intent { act=android.intent.action.MAIN cat=[android.intent.category.LAUNCHER] flg=0x10008000 cmp=com.example.dogglers/androidx.test.core.app.InstrumentationActivityInvoker$BootstrapActivity (has extras) }, activity=androidx.test.core.app.InstrumentationActivityInvoker$BootstrapActivity@6a6d04a
11-15 21:15:36.605   361   361 D goldfish-address-space: claimShared: Ask to claim region [0x3ec000000 0x3ec9a4000]
11-15 21:15:36.606 15280 15280 D LifecycleMonitor: Lifecycle status change: androidx.test.core.app.InstrumentationActivityInvoker$BootstrapActivity@6a6d04a in: CREATED
11-15 21:15:36.606 15280 15280 V ActivityScenario: Activity lifecycle changed event received but ignored because the intent does not match. startActivityIntent=Intent { act=android.intent.action.MAIN cat=[android.intent.category.LAUNCHER] cmp=com.example.dogglers/.MainActivity }, activity.getIntent()=Intent { act=android.intent.action.MAIN cat=[android.intent.category.LAUNCHER] flg=0x10008000 cmp=com.example.dogglers/androidx.test.core.app.InstrumentationActivityInvoker$BootstrapActivity (has extras) }, activity=androidx.test.core.app.InstrumentationActivityInvoker$BootstrapActivity@6a6d04a
11-15 21:15:36.606 15280 15280 D LifecycleMonitor: Lifecycle status change: androidx.test.core.app.InstrumentationActivityInvoker$BootstrapActivity@6a6d04a in: STARTED
11-15 21:15:36.606 15280 15280 V ActivityScenario: Activity lifecycle changed event received but ignored because the intent does not match. startActivityIntent=Intent { act=android.intent.action.MAIN cat=[android.intent.category.LAUNCHER] cmp=com.example.dogglers/.MainActivity }, activity.getIntent()=Intent { act=android.intent.action.MAIN cat=[android.intent.category.LAUNCHER] flg=0x10008000 cmp=com.example.dogglers/androidx.test.core.app.InstrumentationActivityInvoker$BootstrapActivity (has extras) }, activity=androidx.test.core.app.InstrumentationActivityInvoker$BootstrapActivity@6a6d04a
11-15 21:15:36.609 15280 15280 D LifecycleMonitor: Lifecycle status change: androidx.test.core.app.InstrumentationActivityInvoker$BootstrapActivity@6a6d04a in: RESUMED
11-15 21:15:36.609 15280 15280 V ActivityScenario: Activity lifecycle changed event received but ignored because the intent does not match. startActivityIntent=Intent { act=android.intent.action.MAIN cat=[android.intent.category.LAUNCHER] cmp=com.example.dogglers/.MainActivity }, activity.getIntent()=Intent { act=android.intent.action.MAIN cat=[android.intent.category.LAUNCHER] flg=0x10008000 cmp=com.example.dogglers/androidx.test.core.app.InstrumentationActivityInvoker$BootstrapActivity (has extras) }, activity=androidx.test.core.app.InstrumentationActivityInvoker$BootstrapActivity@6a6d04a
11-15 21:15:36.612   361   361 D goldfish-address-space: claimShared: Ask to claim region [0x3ec9a4000 0x3ed348000]
11-15 21:15:36.612 15280 15280 D LifecycleMonitor: Lifecycle status change: androidx.test.core.app.InstrumentationActivityInvoker$BootstrapActivity@6a6d04a in: PAUSED
11-15 21:15:36.613 15280 15280 V ActivityScenario: Activity lifecycle changed event received but ignored because the intent does not match. startActivityIntent=Intent { act=android.intent.action.MAIN cat=[android.intent.category.LAUNCHER] cmp=com.example.dogglers/.MainActivity }, activity.getIntent()=Intent { act=android.intent.action.MAIN cat=[android.intent.category.LAUNCHER] flg=0x10008000 cmp=com.example.dogglers/androidx.test.core.app.InstrumentationActivityInvoker$BootstrapActivity (has extras) }, activity=androidx.test.core.app.InstrumentationActivityInvoker$BootstrapActivity@6a6d04a
11-15 21:15:36.614   361   361 D goldfish-address-space: claimShared: Ask to claim region [0x3ed348000 0x3edcec000]
11-15 21:15:36.623 15280 15280 D LifecycleMonitor: Lifecycle status change: com.example.dogglers.MainActivity@8c0da84 in: PRE_ON_CREATE
11-15 21:15:36.623 15280 15280 V ActivityScenario: Activity lifecycle changed event received but ignored because the reported transition was not ON_CREATE while the last known transition was PRE_ON_CREATE
11-15 21:15:36.634 15280 15280 D LifecycleMonitor: Lifecycle status change: com.example.dogglers.MainActivity@8c0da84 in: CREATED
11-15 21:15:36.634 15280 15280 V ActivityScenario: Update currentActivityStage to CREATED, currentActivity=com.example.dogglers.MainActivity@8c0da84
11-15 21:15:36.638 15280 15280 D LifecycleMonitor: Lifecycle status change: com.example.dogglers.MainActivity@8c0da84 in: STARTED
11-15 21:15:36.638 15280 15280 V ActivityScenario: Update currentActivityStage to STARTED, currentActivity=com.example.dogglers.MainActivity@8c0da84
11-15 21:15:36.639 15280 15280 D LifecycleMonitor: Lifecycle status change: com.example.dogglers.MainActivity@8c0da84 in: RESUMED
11-15 21:15:36.639 15280 15280 V ActivityScenario: Update currentActivityStage to RESUMED, currentActivity=com.example.dogglers.MainActivity@8c0da84
11-15 21:15:36.639   727   920 D EGL_emulation: app_time_stats: avg=56.48ms min=15.02ms max=434.83ms count=18
11-15 21:15:36.641   727   920 D EGL_emulation: app_time_stats: avg=40.69ms min=13.90ms max=435.70ms count=25
11-15 21:15:36.643 15280 15280 D LifecycleMonitor: Lifecycle status change: androidx.test.core.app.InstrumentationActivityInvoker$BootstrapActivity@6a6d04a in: STOPPED
11-15 21:15:36.643 15280 15280 V ActivityScenario: Activity lifecycle changed event received but ignored because the intent does not match. startActivityIntent=Intent { act=android.intent.action.MAIN cat=[android.intent.category.LAUNCHER] cmp=com.example.dogglers/.MainActivity }, activity.getIntent()=Intent { act=android.intent.action.MAIN cat=[android.intent.category.LAUNCHER] flg=0x10008000 cmp=com.example.dogglers/androidx.test.core.app.InstrumentationActivityInvoker$BootstrapActivity (has extras) }, activity=androidx.test.core.app.InstrumentationActivityInvoker$BootstrapActivity@6a6d04a
11-15 21:15:36.661   361   361 D goldfish-address-space: claimShared: Ask to claim region [0x3edcec000 0x3ee690000]
11-15 21:15:36.663   361   361 D goldfish-address-space: claimShared: Ask to claim region [0x3ee690000 0x3ef034000]
11-15 21:15:36.663   361   361 D goldfish-address-space: claimShared: Ask to claim region [0x3ef034000 0x3ef9d8000]
11-15 21:15:36.675   550   572 I ActivityTaskManager: Displayed com.example.dogglers/.MainActivity: +79ms
11-15 21:15:36.679 15280 15301 W xample.doggler: Accessing hidden method Landroid/view/ViewConfiguration;->getDoubleTapMinTime()I (unsupported, reflection, allowed)
11-15 21:15:36.682 15280 15280 D RootViewPicker: Root not ready - waiting: 10ms for one to appear.
11-15 21:15:36.691  1283  1283 I GoogleInputMethodService: GoogleInputMethodService.onFinishInput():3420
11-15 21:15:36.691  1283  1283 I GoogleInputMethodService: GoogleInputMethodService.onStartInput():2002
11-15 21:15:36.691  1283  1283 I DeviceUnlockedTag: DeviceUnlockedTag.notifyDeviceLockStatusChanged():31 Notify device unlocked.
11-15 21:15:36.700  1368  1368 I GsaVoiceInteractionSrv: Handling ACTION_STOP_HOTWORD
11-15 21:15:36.700  1368  1368 E HwDetectorWithState: a: 3
11-15 21:15:36.722 15280 15280 I ViewInteraction: Performing 'single click' action on view view.getId() is <2131230947/com.example.dogglers:id/horizontal_btn>
11-15 21:15:36.769   418   515 D AudioFlinger: mixer(0x73edb5ba0a70) throttle end: throttle time(37)
11-15 21:15:36.775 15280 15280 D LifecycleMonitor: Lifecycle status change: com.example.dogglers.MainActivity@8c0da84 in: PAUSED
11-15 21:15:36.775 15280 15280 V ActivityScenario: Update currentActivityStage to PAUSED, currentActivity=com.example.dogglers.MainActivity@8c0da84
11-15 21:15:36.791 15280 15280 D LifecycleMonitor: Lifecycle status change: com.example.dogglers.HorizontalListActivity@cf9441 in: PRE_ON_CREATE
11-15 21:15:36.792 15280 15280 V ActivityScenario: Activity lifecycle changed event received but ignored because the intent does not match. startActivityIntent=Intent { act=android.intent.action.MAIN cat=[android.intent.category.LAUNCHER] cmp=com.example.dogglers/.MainActivity }, activity.getIntent()=Intent { cmp=com.example.dogglers/.HorizontalListActivity }, activity=com.example.dogglers.HorizontalListActivity@cf9441
11-15 21:15:36.834 15280 15280 D LifecycleMonitor: Lifecycle status change: com.example.dogglers.HorizontalListActivity@cf9441 in: CREATED
11-15 21:15:36.837 15280 15280 V ActivityScenario: Activity lifecycle changed event received but ignored because the intent does not match. startActivityIntent=Intent { act=android.intent.action.MAIN cat=[android.intent.category.LAUNCHER] cmp=com.example.dogglers/.MainActivity }, activity.getIntent()=Intent { cmp=com.example.dogglers/.HorizontalListActivity }, activity=com.example.dogglers.HorizontalListActivity@cf9441
11-15 21:15:36.838 15280 15280 D LifecycleMonitor: Lifecycle status change: com.example.dogglers.HorizontalListActivity@cf9441 in: STARTED
11-15 21:15:36.838 15280 15280 V ActivityScenario: Activity lifecycle changed event received but ignored because the intent does not match. startActivityIntent=Intent { act=android.intent.action.MAIN cat=[android.intent.category.LAUNCHER] cmp=com.example.dogglers/.MainActivity }, activity.getIntent()=Intent { cmp=com.example.dogglers/.HorizontalListActivity }, activity=com.example.dogglers.HorizontalListActivity@cf9441
11-15 21:15:36.839 15280 15280 D LifecycleMonitor: Lifecycle status change: com.example.dogglers.HorizontalListActivity@cf9441 in: RESUMED
11-15 21:15:36.840 15280 15280 V ActivityScenario: Activity lifecycle changed event received but ignored because the intent does not match. startActivityIntent=Intent { act=android.intent.action.MAIN cat=[android.intent.category.LAUNCHER] cmp=com.example.dogglers/.MainActivity }, activity.getIntent()=Intent { cmp=com.example.dogglers/.HorizontalListActivity }, activity=com.example.dogglers.HorizontalListActivity@cf9441
11-15 21:15:36.866   361   361 D goldfish-address-space: claimShared: Ask to claim region [0x3f0ec1000 0x3f1865000]
11-15 21:15:36.867   361   361 D goldfish-address-space: claimShared: Ask to claim region [0x3f1865000 0x3f2209000]
11-15 21:15:36.868   361   361 D goldfish-address-space: claimShared: Ask to claim region [0x3f2209000 0x3f2bad000]
11-15 21:15:36.921  1560  1560 I A       : onApplyWindowInsets: systemWindowInsets=Insets{left=0, top=145, right=0, bottom=132}
11-15 21:15:36.921  1560  1560 I A       : onApplyWindowInsets: Adjusting for display cutouts. Safe insets: left=0, top=136, right=0, bottom=0
11-15 21:15:36.922  1560  1560 I A       : onApplyWindowInsets: systemWindowInsets=Insets{left=0, top=145, right=0, bottom=132}
11-15 21:15:36.928   550   572 I ActivityTaskManager: Displayed com.example.dogglers/.HorizontalListActivity: +160ms
11-15 21:15:36.941  1283  1283 I GoogleInputMethodService: GoogleInputMethodService.onFinishInput():3420
11-15 21:15:36.941  1283  1283 I GoogleInputMethodService: GoogleInputMethodService.onStartInput():2002
11-15 21:15:36.941  1283  1283 I DeviceUnlockedTag: DeviceUnlockedTag.notifyDeviceLockStatusChanged():31 Notify device unlocked.
11-15 21:15:36.954   550  4372 W InputManager-JNI: Input channel object '193c3b5 Splash Screen com.example.dogglers (client)' was disposed without first being removed with the input manager!
11-15 21:15:37.158 15280 15280 I ViewInteraction: Checking 'MatchesViewAssertion{viewMatcher=(view has effective visibility <VISIBLE> and view.getGlobalVisibleRect() to return non-empty rectangle)}' assertion on view view.getId() is <2131230949/com.example.dogglers:id/horizontal_recycler_view>
11-15 21:15:37.163 15280 15280 D LifecycleMonitor: Lifecycle status change: com.example.dogglers.HorizontalListActivity@cf9441 in: PAUSED
11-15 21:15:37.163 15280 15280 V ActivityScenario: Activity lifecycle changed event received but ignored because the intent does not match. startActivityIntent=Intent { act=android.intent.action.MAIN cat=[android.intent.category.LAUNCHER] cmp=com.example.dogglers/.MainActivity }, activity.getIntent()=Intent { cmp=com.example.dogglers/.HorizontalListActivity }, activity=com.example.dogglers.HorizontalListActivity@cf9441
11-15 21:15:37.166 15280 15280 D LifecycleMonitor: Lifecycle status change: androidx.test.core.app.InstrumentationActivityInvoker$EmptyActivity@3e44800 in: PRE_ON_CREATE
11-15 21:15:37.166 15280 15280 V ActivityScenario: Activity lifecycle changed event received but ignored because the intent does not match. startActivityIntent=Intent { act=android.intent.action.MAIN cat=[android.intent.category.LAUNCHER] cmp=com.example.dogglers/.MainActivity }, activity.getIntent()=Intent { act=android.intent.action.MAIN cat=[android.intent.category.LAUNCHER] flg=0x10000000 cmp=com.example.dogglers/androidx.test.core.app.InstrumentationActivityInvoker$EmptyActivity }, activity=androidx.test.core.app.InstrumentationActivityInvoker$EmptyActivity@3e44800
11-15 21:15:37.170 15280 15280 D LifecycleMonitor: Lifecycle status change: androidx.test.core.app.InstrumentationActivityInvoker$EmptyActivity@3e44800 in: CREATED
11-15 21:15:37.171 15280 15280 V ActivityScenario: Activity lifecycle changed event received but ignored because the intent does not match. startActivityIntent=Intent { act=android.intent.action.MAIN cat=[android.intent.category.LAUNCHER] cmp=com.example.dogglers/.MainActivity }, activity.getIntent()=Intent { act=android.intent.action.MAIN cat=[android.intent.category.LAUNCHER] flg=0x10000000 cmp=com.example.dogglers/androidx.test.core.app.InstrumentationActivityInvoker$EmptyActivity }, activity=androidx.test.core.app.InstrumentationActivityInvoker$EmptyActivity@3e44800
11-15 21:15:37.172 15280 15280 D LifecycleMonitor: Lifecycle status change: androidx.test.core.app.InstrumentationActivityInvoker$EmptyActivity@3e44800 in: STARTED
11-15 21:15:37.172 15280 15280 V ActivityScenario: Activity lifecycle changed event received but ignored because the intent does not match. startActivityIntent=Intent { act=android.intent.action.MAIN cat=[android.intent.category.LAUNCHER] cmp=com.example.dogglers/.MainActivity }, activity.getIntent()=Intent { act=android.intent.action.MAIN cat=[android.intent.category.LAUNCHER] flg=0x10000000 cmp=com.example.dogglers/androidx.test.core.app.InstrumentationActivityInvoker$EmptyActivity }, activity=androidx.test.core.app.InstrumentationActivityInvoker$EmptyActivity@3e44800
11-15 21:15:37.173 15280 15280 D LifecycleMonitor: Lifecycle status change: androidx.test.core.app.InstrumentationActivityInvoker$EmptyActivity@3e44800 in: RESUMED
11-15 21:15:37.173 15280 15280 V ActivityScenario: Activity lifecycle changed event received but ignored because the intent does not match. startActivityIntent=Intent { act=android.intent.action.MAIN cat=[android.intent.category.LAUNCHER] cmp=com.example.dogglers/.MainActivity }, activity.getIntent()=Intent { act=android.intent.action.MAIN cat=[android.intent.category.LAUNCHER] flg=0x10000000 cmp=com.example.dogglers/androidx.test.core.app.InstrumentationActivityInvoker$EmptyActivity }, activity=androidx.test.core.app.InstrumentationActivityInvoker$EmptyActivity@3e44800
11-15 21:15:37.193   361   361 D goldfish-address-space: claimShared: Ask to claim region [0x3f31d9000 0x3f3b7d000]
11-15 21:15:37.195   361   361 D goldfish-address-space: claimShared: Ask to claim region [0x3f0000000 0x3f09a4000]
11-15 21:15:37.196   361   361 D goldfish-address-space: claimShared: Ask to claim region [0x3f672e000 0x3f70d2000]
11-15 21:15:37.200   550   572 I ActivityTaskManager: Displayed com.example.dogglers/androidx.test.core.app.InstrumentationActivityInvoker$EmptyActivity: +39ms
11-15 21:15:37.221 15280 15280 D LifecycleMonitor: Lifecycle status change: androidx.test.core.app.InstrumentationActivityInvoker$EmptyActivity@3e44800 in: PAUSED
11-15 21:15:37.222 15280 15280 V ActivityScenario: Activity lifecycle changed event received but ignored because the intent does not match. startActivityIntent=Intent { act=android.intent.action.MAIN cat=[android.intent.category.LAUNCHER] cmp=com.example.dogglers/.MainActivity }, activity.getIntent()=Intent { act=android.intent.action.MAIN cat=[android.intent.category.LAUNCHER] flg=0x10000000 cmp=com.example.dogglers/androidx.test.core.app.InstrumentationActivityInvoker$EmptyActivity }, activity=androidx.test.core.app.InstrumentationActivityInvoker$EmptyActivity@3e44800
11-15 21:15:37.227 15280 15280 D LifecycleMonitor: Lifecycle status change: androidx.test.core.app.InstrumentationActivityInvoker$BootstrapActivity@6a6d04a in: DESTROYED
11-15 21:15:37.227 15280 15280 V ActivityScenario: Activity lifecycle changed event received but ignored because the intent does not match. startActivityIntent=Intent { act=android.intent.action.MAIN cat=[android.intent.category.LAUNCHER] cmp=com.example.dogglers/.MainActivity }, activity.getIntent()=Intent { act=android.intent.action.MAIN cat=[android.intent.category.LAUNCHER] flg=0x10008000 cmp=com.example.dogglers/androidx.test.core.app.InstrumentationActivityInvoker$BootstrapActivity (has extras) }, activity=androidx.test.core.app.InstrumentationActivityInvoker$BootstrapActivity@6a6d04a
11-15 21:15:37.228 15280 15280 D LifecycleMonitor: Lifecycle status change: androidx.test.core.app.InstrumentationActivityInvoker$EmptyActivity@d7acafb in: PRE_ON_CREATE
11-15 21:15:37.229 15280 15280 V ActivityScenario: Activity lifecycle changed event received but ignored because the intent does not match. startActivityIntent=Intent { act=android.intent.action.MAIN cat=[android.intent.category.LAUNCHER] cmp=com.example.dogglers/.MainActivity }, activity.getIntent()=Intent { act=android.intent.action.MAIN cat=[android.intent.category.LAUNCHER] flg=0x10000000 cmp=com.example.dogglers/androidx.test.core.app.InstrumentationActivityInvoker$EmptyActivity }, activity=androidx.test.core.app.InstrumentationActivityInvoker$EmptyActivity@d7acafb
11-15 21:15:37.231 15280 15280 D LifecycleMonitor: Lifecycle status change: androidx.test.core.app.InstrumentationActivityInvoker$EmptyActivity@d7acafb in: CREATED
11-15 21:15:37.231 15280 15280 V ActivityScenario: Activity lifecycle changed event received but ignored because the intent does not match. startActivityIntent=Intent { act=android.intent.action.MAIN cat=[android.intent.category.LAUNCHER] cmp=com.example.dogglers/.MainActivity }, activity.getIntent()=Intent { act=android.intent.action.MAIN cat=[android.intent.category.LAUNCHER] flg=0x10000000 cmp=com.example.dogglers/androidx.test.core.app.InstrumentationActivityInvoker$EmptyActivity }, activity=androidx.test.core.app.InstrumentationActivityInvoker$EmptyActivity@d7acafb
11-15 21:15:37.232 15280 15280 D LifecycleMonitor: Lifecycle status change: androidx.test.core.app.InstrumentationActivityInvoker$EmptyActivity@d7acafb in: STARTED
11-15 21:15:37.232 15280 15280 V ActivityScenario: Activity lifecycle changed event received but ignored because the intent does not match. startActivityIntent=Intent { act=android.intent.action.MAIN cat=[android.intent.category.LAUNCHER] cmp=com.example.dogglers/.MainActivity }, activity.getIntent()=Intent { act=android.intent.action.MAIN cat=[android.intent.category.LAUNCHER] flg=0x10000000 cmp=com.example.dogglers/androidx.test.core.app.InstrumentationActivityInvoker$EmptyActivity }, activity=androidx.test.core.app.InstrumentationActivityInvoker$EmptyActivity@d7acafb
11-15 21:15:37.233 15280 15280 D LifecycleMonitor: Lifecycle status change: androidx.test.core.app.InstrumentationActivityInvoker$EmptyActivity@d7acafb in: RESUMED
11-15 21:15:37.233 15280 15280 V ActivityScenario: Activity lifecycle changed event received but ignored because the intent does not match. startActivityIntent=Intent { act=android.intent.action.MAIN cat=[android.intent.category.LAUNCHER] cmp=com.example.dogglers/.MainActivity }, activity.getIntent()=Intent { act=android.intent.action.MAIN cat=[android.intent.category.LAUNCHER] flg=0x10000000 cmp=com.example.dogglers/androidx.test.core.app.InstrumentationActivityInvoker$EmptyActivity }, activity=androidx.test.core.app.InstrumentationActivityInvoker$EmptyActivity@d7acafb
11-15 21:15:37.241   361   361 D goldfish-address-space: claimShared: Ask to claim region [0x3f70d2000 0x3f7a76000]
11-15 21:15:37.243   361   361 D goldfish-address-space: claimShared: Ask to claim region [0x3f4a42000 0x3f53e6000]
11-15 21:15:37.244   361   361 D goldfish-address-space: claimShared: Ask to claim region [0x3f53e6000 0x3f5d8a000]
11-15 21:15:37.247   550   572 I ActivityTaskManager: Displayed com.example.dogglers/androidx.test.core.app.InstrumentationActivityInvoker$EmptyActivity: +44ms
11-15 21:15:37.250   361   361 D goldfish-address-space: claimShared: Ask to claim region [0x3f4000000 0x3f462c000]
11-15 21:15:37.261 15280 15280 D LifecycleMonitor: Lifecycle status change: androidx.test.core.app.InstrumentationActivityInvoker$EmptyActivity@d7acafb in: PAUSED
11-15 21:15:37.261 15280 15280 V ActivityScenario: Activity lifecycle changed event received but ignored because the intent does not match. startActivityIntent=Intent { act=android.intent.action.MAIN cat=[android.intent.category.LAUNCHER] cmp=com.example.dogglers/.MainActivity }, activity.getIntent()=Intent { act=android.intent.action.MAIN cat=[android.intent.category.LAUNCHER] flg=0x10000000 cmp=com.example.dogglers/androidx.test.core.app.InstrumentationActivityInvoker$EmptyActivity }, activity=androidx.test.core.app.InstrumentationActivityInvoker$EmptyActivity@d7acafb
11-15 21:15:37.265  1283  1283 I GoogleInputMethodService: GoogleInputMethodService.onFinishInput():3420
11-15 21:15:37.265  1283  1283 I GoogleInputMethodService: GoogleInputMethodService.onStartInput():2002
11-15 21:15:37.266  1283  1283 I DeviceUnlockedTag: DeviceUnlockedTag.notifyDeviceLockStatusChanged():31 Notify device unlocked.
11-15 21:15:37.267 15280 15280 D LifecycleMonitor: Lifecycle status change: com.example.dogglers.HorizontalListActivity@cf9441 in: RESUMED
11-15 21:15:37.267 15280 15280 V ActivityScenario: Activity lifecycle changed event received but ignored because the intent does not match. startActivityIntent=Intent { act=android.intent.action.MAIN cat=[android.intent.category.LAUNCHER] cmp=com.example.dogglers/.MainActivity }, activity.getIntent()=Intent { cmp=com.example.dogglers/.HorizontalListActivity }, activity=com.example.dogglers.HorizontalListActivity@cf9441
11-15 21:15:37.273 15280 15280 D LifecycleMonitor: Lifecycle status change: androidx.test.core.app.InstrumentationActivityInvoker$EmptyActivity@d7acafb in: STOPPED
11-15 21:15:37.273 15280 15280 V ActivityScenario: Activity lifecycle changed event received but ignored because the intent does not match. startActivityIntent=Intent { act=android.intent.action.MAIN cat=[android.intent.category.LAUNCHER] cmp=com.example.dogglers/.MainActivity }, activity.getIntent()=Intent { act=android.intent.action.MAIN cat=[android.intent.category.LAUNCHER] flg=0x10000000 cmp=com.example.dogglers/androidx.test.core.app.InstrumentationActivityInvoker$EmptyActivity }, activity=androidx.test.core.app.InstrumentationActivityInvoker$EmptyActivity@d7acafb
11-15 21:15:37.274 15280 15280 D LifecycleMonitor: Lifecycle status change: androidx.test.core.app.InstrumentationActivityInvoker$EmptyActivity@d7acafb in: DESTROYED
11-15 21:15:37.274 15280 15280 V ActivityScenario: Activity lifecycle changed event received but ignored because the intent does not match. startActivityIntent=Intent { act=android.intent.action.MAIN cat=[android.intent.category.LAUNCHER] cmp=com.example.dogglers/.MainActivity }, activity.getIntent()=Intent { act=android.intent.action.MAIN cat=[android.intent.category.LAUNCHER] flg=0x10000000 cmp=com.example.dogglers/androidx.test.core.app.InstrumentationActivityInvoker$EmptyActivity }, activity=androidx.test.core.app.InstrumentationActivityInvoker$EmptyActivity@d7acafb
11-15 21:15:37.276   550  2574 W InputManager-JNI: Input channel object '696e1f8 com.example.dogglers/androidx.test.core.app.InstrumentationActivityInvoker$EmptyActivity (client)' was disposed without first being removed with the input manager!
11-15 21:15:37.278 15280 15280 D LifecycleMonitor: Lifecycle status change: androidx.test.core.app.InstrumentationActivityInvoker$EmptyActivity@3e44800 in: STOPPED
11-15 21:15:37.278 15280 15280 V ActivityScenario: Activity lifecycle changed event received but ignored because the intent does not match. startActivityIntent=Intent { act=android.intent.action.MAIN cat=[android.intent.category.LAUNCHER] cmp=com.example.dogglers/.MainActivity }, activity.getIntent()=Intent { act=android.intent.action.MAIN cat=[android.intent.category.LAUNCHER] flg=0x10000000 cmp=com.example.dogglers/androidx.test.core.app.InstrumentationActivityInvoker$EmptyActivity }, activity=androidx.test.core.app.InstrumentationActivityInvoker$EmptyActivity@3e44800
11-15 21:15:37.278 15280 15280 D LifecycleMonitor: Lifecycle status change: androidx.test.core.app.InstrumentationActivityInvoker$EmptyActivity@3e44800 in: DESTROYED
11-15 21:15:37.279 15280 15280 V ActivityScenario: Activity lifecycle changed event received but ignored because the intent does not match. startActivityIntent=Intent { act=android.intent.action.MAIN cat=[android.intent.category.LAUNCHER] cmp=com.example.dogglers/.MainActivity }, activity.getIntent()=Intent { act=android.intent.action.MAIN cat=[android.intent.category.LAUNCHER] flg=0x10000000 cmp=com.example.dogglers/androidx.test.core.app.InstrumentationActivityInvoker$EmptyActivity }, activity=androidx.test.core.app.InstrumentationActivityInvoker$EmptyActivity@3e44800
11-15 21:15:37.279   550  1645 W InputManager-JNI: Input channel object 'cf2db6b com.example.dogglers/androidx.test.core.app.InstrumentationActivityInvoker$EmptyActivity (client)' was disposed without first being removed with the input manager!
11-15 21:15:37.283  1283  1283 I GoogleInputMethodService: GoogleInputMethodService.onFinishInput():3420
11-15 21:15:37.284  1283  1283 I GoogleInputMethodService: GoogleInputMethodService.onStartInput():2002
11-15 21:15:37.284  1283  1283 I DeviceUnlockedTag: DeviceUnlockedTag.notifyDeviceLockStatusChanged():31 Notify device unlocked.
11-15 21:15:37.339 15280 15280 D LifecycleMonitor: Lifecycle status change: com.example.dogglers.MainActivity@8c0da84 in: STOPPED
11-15 21:15:37.339 15280 15280 V ActivityScenario: Update currentActivityStage to STOPPED, currentActivity=com.example.dogglers.MainActivity@8c0da84
11-15 21:15:37.341 15280 15280 D LifecycleMonitor: Lifecycle status change: com.example.dogglers.MainActivity@8c0da84 in: DESTROYED
11-15 21:15:37.341 15280 15280 V ActivityScenario: Update currentActivityStage to DESTROYED, currentActivity=null
11-15 21:15:37.342 15280 15301 I TestRunner: finished: clicking_horizontal_list_button_displays_horizontal_list(com.example.dogglers.ButtonTests)
