11-15 21:15:39.127 15280 15301 I TestRunner: started: clicking_vertical_list_button_displays_vertical_list(com.example.dogglers.ButtonTests)
11-15 21:15:39.129 15280 15301 W Settings: Setting always_finish_activities has moved from android.provider.Settings.System to android.provider.Settings.Global, returning read-only value.
11-15 21:15:39.135   727   857 D SplashScreenView: Build android.window.SplashScreenView{138fa9e V.E...... ......ID 0,0-0,0}
11-15 21:15:39.135   727   857 D SplashScreenView: Icon: view: null drawable: null size: 0
11-15 21:15:39.135   727   857 D SplashScreenView: Branding: view: android.view.View{5d3097f G.ED..... ......I. 0,0-0,0 #10204a6 android:id/splashscreen_branding_view} drawable: null size w: 0 h: 0
11-15 21:15:39.143 15280 15280 D LifecycleMonitor: Lifecycle status change: androidx.test.core.app.InstrumentationActivityInvoker$BootstrapActivity@81bba54 in: PRE_ON_CREATE
11-15 21:15:39.143 15280 15280 V ActivityScenario: Activity lifecycle changed event received but ignored because the intent does not match. startActivityIntent=Intent { act=android.intent.action.MAIN cat=[android.intent.category.LAUNCHER] cmp=com.example.dogglers/.MainActivity }, activity.getIntent()=Intent { act=android.intent.action.MAIN cat=[android.intent.category.LAUNCHER] flg=0x10008000 cmp=com.example.dogglers/androidx.test.core.app.InstrumentationActivityInvoker$BootstrapActivity (has extras) }, activity=androidx.test.core.app.InstrumentationActivityInvoker$BootstrapActivity@81bba54
11-15 21:15:39.146 15280 15280 D LifecycleMonitor: Lifecycle status change: androidx.test.core.app.InstrumentationActivityInvoker$BootstrapActivity@81bba54 in: CREATED
11-15 21:15:39.146 15280 15280 V ActivityScenario: Activity lifecycle changed event received but ignored because the intent does not match. startActivityIntent=Intent { act=android.intent.action.MAIN cat=[android.intent.category.LAUNCHER] cmp=com.example.dogglers/.MainActivity }, activity.getIntent()=Intent { act=android.intent.action.MAIN cat=[android.intent.category.LAUNCHER] flg=0x10008000 cmp=com.example.dogglers/androidx.test.core.app.InstrumentationActivityInvoker$BootstrapActivity (has extras) }, activity=androidx.test.core.app.InstrumentationActivityInvoker$BootstrapActivity@81bba54
11-15 21:15:39.146 15280 15280 D LifecycleMonitor: Lifecycle status change: androidx.test.core.app.InstrumentationActivityInvoker$BootstrapActivity@81bba54 in: STARTED
11-15 21:15:39.146 15280 15280 V ActivityScenario: Activity lifecycle changed event received but ignored because the intent does not match. startActivityIntent=Intent { act=android.intent.action.MAIN cat=[android.intent.category.LAUNCHER] cmp=com.example.dogglers/.MainActivity }, activity.getIntent()=Intent { act=android.intent.action.MAIN cat=[android.intent.category.LAUNCHER] flg=0x10008000 cmp=com.example.dogglers/androidx.test.core.app.InstrumentationActivityInvoker$BootstrapActivity (has extras) }, activity=androidx.test.core.app.InstrumentationActivityInvoker$BootstrapActivity@81bba54
11-15 21:15:39.149 15280 15280 D LifecycleMonitor: Lifecycle status change: androidx.test.core.app.InstrumentationActivityInvoker$BootstrapActivity@81bba54 in: RESUMED
11-15 21:15:39.149 15280 15280 V ActivityScenario: Activity lifecycle changed event received but ignored because the intent does not match. startActivityIntent=Intent { act=android.intent.action.MAIN cat=[android.intent.category.LAUNCHER] cmp=com.example.dogglers/.MainActivity }, activity.getIntent()=Intent { act=android.intent.action.MAIN cat=[android.intent.category.LAUNCHER] flg=0x10008000 cmp=com.example.dogglers/androidx.test.core.app.InstrumentationActivityInvoker$BootstrapActivity (has extras) }, activity=androidx.test.core.app.InstrumentationActivityInvoker$BootstrapActivity@81bba54
11-15 21:15:39.150 15280 15280 D LifecycleMonitor: Lifecycle status change: androidx.test.core.app.InstrumentationActivityInvoker$BootstrapActivity@81bba54 in: PAUSED
11-15 21:15:39.150 15280 15280 V ActivityScenario: Activity lifecycle changed event received but ignored because the intent does not match. startActivityIntent=Intent { act=android.intent.action.MAIN cat=[android.intent.category.LAUNCHER] cmp=com.example.dogglers/.MainActivity }, activity.getIntent()=Intent { act=android.intent.action.MAIN cat=[android.intent.category.LAUNCHER] flg=0x10008000 cmp=com.example.dogglers/androidx.test.core.app.InstrumentationActivityInvoker$BootstrapActivity (has extras) }, activity=androidx.test.core.app.InstrumentationActivityInvoker$BootstrapActivity@81bba54
11-15 21:15:39.156   361   361 D goldfish-address-space: claimShared: Ask to claim region [0x3f2209000 0x3f2bad000]
11-15 21:15:39.158 15280 15280 D LifecycleMonitor: Lifecycle status change: com.example.dogglers.MainActivity@d99e43e in: PRE_ON_CREATE
11-15 21:15:39.158 15280 15280 V ActivityScenario: Activity lifecycle changed event received but ignored because the reported transition was not ON_CREATE while the last known transition was PRE_ON_CREATE
11-15 21:15:39.159   361   361 D goldfish-address-space: claimShared: Ask to claim region [0x3f31d9000 0x3f3b7d000]
11-15 21:15:39.160   361   414 D goldfish-address-space: claimShared: Ask to claim region [0x3f0000000 0x3f09a4000]
11-15 21:15:39.171 15280 15280 D LifecycleMonitor: Lifecycle status change: com.example.dogglers.MainActivity@d99e43e in: CREATED
11-15 21:15:39.171 15280 15280 V ActivityScenario: Update currentActivityStage to CREATED, currentActivity=com.example.dogglers.MainActivity@d99e43e
11-15 21:15:39.172   727   920 D EGL_emulation: app_time_stats: avg=69.47ms min=15.23ms max=600.91ms count=18
11-15 21:15:39.172 15280 15280 D LifecycleMonitor: Lifecycle status change: com.example.dogglers.MainActivity@d99e43e in: STARTED
11-15 21:15:39.172 15280 15280 V ActivityScenario: Update currentActivityStage to STARTED, currentActivity=com.example.dogglers.MainActivity@d99e43e
11-15 21:15:39.173 15280 15280 D LifecycleMonitor: Lifecycle status change: com.example.dogglers.MainActivity@d99e43e in: RESUMED
11-15 21:15:39.173 15280 15280 V ActivityScenario: Update currentActivityStage to RESUMED, currentActivity=com.example.dogglers.MainActivity@d99e43e
11-15 21:15:39.173   727   920 D EGL_emulation: app_time_stats: avg=30.18ms min=12.27ms max=385.25ms count=41
11-15 21:15:39.177 15280 15280 D LifecycleMonitor: Lifecycle status change: androidx.test.core.app.InstrumentationActivityInvoker$BootstrapActivity@81bba54 in: STOPPED
11-15 21:15:39.177 15280 15280 V ActivityScenario: Activity lifecycle changed event received but ignored because the intent does not match. startActivityIntent=Intent { act=android.intent.action.MAIN cat=[android.intent.category.LAUNCHER] cmp=com.example.dogglers/.MainActivity }, activity.getIntent()=Intent { act=android.intent.action.MAIN cat=[android.intent.category.LAUNCHER] flg=0x10008000 cmp=com.example.dogglers/androidx.test.core.app.InstrumentationActivityInvoker$BootstrapActivity (has extras) }, activity=androidx.test.core.app.InstrumentationActivityInvoker$BootstrapActivity@81bba54
11-15 21:15:39.191   361   414 D goldfish-address-space: claimShared: Ask to claim region [0x3f4a42000 0x3f53e6000]
11-15 21:15:39.193   361   414 D goldfish-address-space: claimShared: Ask to claim region [0x3f53e6000 0x3f5d8a000]
11-15 21:15:39.194   361   414 D goldfish-address-space: claimShared: Ask to claim region [0x3f5d8a000 0x3f672e000]
11-15 21:15:39.199   550   572 I ActivityTaskManager: Displayed com.example.dogglers/.MainActivity: +67ms
11-15 21:15:39.207  1283  1283 I GoogleInputMethodService: GoogleInputMethodService.onFinishInput():3420
11-15 21:15:39.207  1283  1283 I GoogleInputMethodService: GoogleInputMethodService.onStartInput():2002
11-15 21:15:39.207  1283  1283 I DeviceUnlockedTag: DeviceUnlockedTag.notifyDeviceLockStatusChanged():31 Notify device unlocked.
11-15 21:15:39.238 15280 15280 I ViewInteraction: Performing 'single click' action on view view.getId() is <2131231204/com.example.dogglers:id/vertical_btn>
11-15 21:15:39.240  1368  1368 I GsaVoiceInteractionSrv: Handling ACTION_STOP_HOTWORD
11-15 21:15:39.241  1368  1368 E HwDetectorWithState: a: 3
11-15 21:15:39.284 15280 15280 D LifecycleMonitor: Lifecycle status change: com.example.dogglers.MainActivity@d99e43e in: PAUSED
11-15 21:15:39.285 15280 15280 V ActivityScenario: Update currentActivityStage to PAUSED, currentActivity=com.example.dogglers.MainActivity@d99e43e
11-15 21:15:39.293 15280 15280 D LifecycleMonitor: Lifecycle status change: com.example.dogglers.VerticalListActivity@ee41136 in: PRE_ON_CREATE
11-15 21:15:39.293 15280 15280 V ActivityScenario: Activity lifecycle changed event received but ignored because the intent does not match. startActivityIntent=Intent { act=android.intent.action.MAIN cat=[android.intent.category.LAUNCHER] cmp=com.example.dogglers/.MainActivity }, activity.getIntent()=Intent { cmp=com.example.dogglers/.VerticalListActivity }, activity=com.example.dogglers.VerticalListActivity@ee41136
11-15 21:15:39.300 15280 15280 D LifecycleMonitor: Lifecycle status change: com.example.dogglers.VerticalListActivity@ee41136 in: CREATED
11-15 21:15:39.300 15280 15280 V ActivityScenario: Activity lifecycle changed event received but ignored because the intent does not match. startActivityIntent=Intent { act=android.intent.action.MAIN cat=[android.intent.category.LAUNCHER] cmp=com.example.dogglers/.MainActivity }, activity.getIntent()=Intent { cmp=com.example.dogglers/.VerticalListActivity }, activity=com.example.dogglers.VerticalListActivity@ee41136
11-15 21:15:39.301 15280 15280 D LifecycleMonitor: Lifecycle status change: com.example.dogglers.VerticalListActivity@ee41136 in: STARTED
11-15 21:15:39.301 15280 15280 V ActivityScenario: Activity lifecycle changed event received but ignored because the intent does not match. startActivityIntent=Intent { act=android.intent.action.MAIN cat=[android.intent.category.LAUNCHER] cmp=com.example.dogglers/.MainActivity }, activity.getIntent()=Intent { cmp=com.example.dogglers/.VerticalListActivity }, activity=com.example.dogglers.VerticalListActivity@ee41136
11-15 21:15:39.301 15280 15280 D LifecycleMonitor: Lifecycle status change: com.example.dogglers.VerticalListActivity@ee41136 in: RESUMED
11-15 21:15:39.301 15280 15280 V ActivityScenario: Activity lifecycle changed event received but ignored because the intent does not match. startActivityIntent=Intent { act=android.intent.action.MAIN cat=[android.intent.category.LAUNCHER] cmp=com.example.dogglers/.MainActivity }, activity.getIntent()=Intent { cmp=com.example.dogglers/.VerticalListActivity }, activity=com.example.dogglers.VerticalListActivity@ee41136
11-15 21:15:39.312   361   414 D goldfish-address-space: claimShared: Ask to claim region [0x3f672e000 0x3f70d2000]
11-15 21:15:39.315   361   414 D goldfish-address-space: claimShared: Ask to claim region [0x3f70d2000 0x3f7a76000]
11-15 21:15:39.316   361   414 D goldfish-address-space: claimShared: Ask to claim region [0x3fb2d6000 0x3fbc7a000]
11-15 21:15:39.330   550   572 I ActivityTaskManager: Displayed com.example.dogglers/.VerticalListActivity: +49ms
11-15 21:15:39.356  1283  1283 I GoogleInputMethodService: GoogleInputMethodService.onFinishInput():3420
11-15 21:15:39.357  1283  1283 I GoogleInputMethodService: GoogleInputMethodService.onStartInput():2002
11-15 21:15:39.357  1283  1283 I DeviceUnlockedTag: DeviceUnlockedTag.notifyDeviceLockStatusChanged():31 Notify device unlocked.
11-15 21:15:39.453   550   576 W InputManager-JNI: Input channel object '1815f29 Splash Screen com.example.dogglers (client)' was disposed without first being removed with the input manager!
11-15 21:15:39.472 15280 15303 D OpenGLRenderer: endAllActiveAnimators on 0x75a8faf3ed90 (RippleDrawable) with handle 0x75a80af0ee30
11-15 21:15:39.473  1560  1560 I A       : onApplyWindowInsets: systemWindowInsets=Insets{left=0, top=145, right=0, bottom=132}
11-15 21:15:39.473  1560  1560 I A       : onApplyWindowInsets: Adjusting for display cutouts. Safe insets: left=0, top=136, right=0, bottom=0
11-15 21:15:39.474  1560  1560 I A       : onApplyWindowInsets: systemWindowInsets=Insets{left=0, top=145, right=0, bottom=132}
11-15 21:15:39.607 15280 15280 I ViewInteraction: Checking 'MatchesViewAssertion{viewMatcher=(view has effective visibility <VISIBLE> and view.getGlobalVisibleRect() to return non-empty rectangle)}' assertion on view view.getId() is <2131231206/com.example.dogglers:id/vertical_recycler_view>
11-15 21:15:39.611 15280 15280 D LifecycleMonitor: Lifecycle status change: com.example.dogglers.VerticalListActivity@ee41136 in: PAUSED
11-15 21:15:39.611 15280 15280 V ActivityScenario: Activity lifecycle changed event received but ignored because the intent does not match. startActivityIntent=Intent { act=android.intent.action.MAIN cat=[android.intent.category.LAUNCHER] cmp=com.example.dogglers/.MainActivity }, activity.getIntent()=Intent { cmp=com.example.dogglers/.VerticalListActivity }, activity=com.example.dogglers.VerticalListActivity@ee41136
11-15 21:15:39.615 15280 15280 D LifecycleMonitor: Lifecycle status change: androidx.test.core.app.InstrumentationActivityInvoker$EmptyActivity@5cab33d in: PRE_ON_CREATE
11-15 21:15:39.615 15280 15280 V ActivityScenario: Activity lifecycle changed event received but ignored because the intent does not match. startActivityIntent=Intent { act=android.intent.action.MAIN cat=[android.intent.category.LAUNCHER] cmp=com.example.dogglers/.MainActivity }, activity.getIntent()=Intent { act=android.intent.action.MAIN cat=[android.intent.category.LAUNCHER] flg=0x10000000 cmp=com.example.dogglers/androidx.test.core.app.InstrumentationActivityInvoker$EmptyActivity }, activity=androidx.test.core.app.InstrumentationActivityInvoker$EmptyActivity@5cab33d
11-15 21:15:39.617 15280 15280 D LifecycleMonitor: Lifecycle status change: androidx.test.core.app.InstrumentationActivityInvoker$EmptyActivity@5cab33d in: CREATED
11-15 21:15:39.617 15280 15280 V ActivityScenario: Activity lifecycle changed event received but ignored because the intent does not match. startActivityIntent=Intent { act=android.intent.action.MAIN cat=[android.intent.category.LAUNCHER] cmp=com.example.dogglers/.MainActivity }, activity.getIntent()=Intent { act=android.intent.action.MAIN cat=[android.intent.category.LAUNCHER] flg=0x10000000 cmp=com.example.dogglers/androidx.test.core.app.InstrumentationActivityInvoker$EmptyActivity }, activity=androidx.test.core.app.InstrumentationActivityInvoker$EmptyActivity@5cab33d
11-15 21:15:39.618 15280 15280 D LifecycleMonitor: Lifecycle status change: androidx.test.core.app.InstrumentationActivityInvoker$EmptyActivity@5cab33d in: STARTED
11-15 21:15:39.618 15280 15280 V ActivityScenario: Activity lifecycle changed event received but ignored because the intent does not match. startActivityIntent=Intent { act=android.intent.action.MAIN cat=[android.intent.category.LAUNCHER] cmp=com.example.dogglers/.MainActivity }, activity.getIntent()=Intent { act=android.intent.action.MAIN cat=[android.intent.category.LAUNCHER] flg=0x10000000 cmp=com.example.dogglers/androidx.test.core.app.InstrumentationActivityInvoker$EmptyActivity }, activity=androidx.test.core.app.InstrumentationActivityInvoker$EmptyActivity@5cab33d
11-15 21:15:39.619 15280 15280 D LifecycleMonitor: Lifecycle status change: androidx.test.core.app.InstrumentationActivityInvoker$EmptyActivity@5cab33d in: RESUMED
11-15 21:15:39.619 15280 15280 V ActivityScenario: Activity lifecycle changed event received but ignored because the intent does not match. startActivityIntent=Intent { act=android.intent.action.MAIN cat=[android.intent.category.LAUNCHER] cmp=com.example.dogglers/.MainActivity }, activity.getIntent()=Intent { act=android.intent.action.MAIN cat=[android.intent.category.LAUNCHER] flg=0x10000000 cmp=com.example.dogglers/androidx.test.core.app.InstrumentationActivityInvoker$EmptyActivity }, activity=androidx.test.core.app.InstrumentationActivityInvoker$EmptyActivity@5cab33d
11-15 21:15:39.640   361   414 D goldfish-address-space: claimShared: Ask to claim region [0x3ecc58000 0x3ed5fc000]
11-15 21:15:39.643   361   361 D goldfish-address-space: claimShared: Ask to claim region [0x3ed5fc000 0x3edfa0000]
11-15 21:15:39.644   361   361 D goldfish-address-space: claimShared: Ask to claim region [0x3edfa0000 0x3ee944000]
11-15 21:15:39.649   550   572 I ActivityTaskManager: Displayed com.example.dogglers/androidx.test.core.app.InstrumentationActivityInvoker$EmptyActivity: +39ms
11-15 21:15:39.656 15280 15280 D LifecycleMonitor: Lifecycle status change: androidx.test.core.app.InstrumentationActivityInvoker$EmptyActivity@5cab33d in: PAUSED
11-15 21:15:39.656 15280 15280 V ActivityScenario: Activity lifecycle changed event received but ignored because the intent does not match. startActivityIntent=Intent { act=android.intent.action.MAIN cat=[android.intent.category.LAUNCHER] cmp=com.example.dogglers/.MainActivity }, activity.getIntent()=Intent { act=android.intent.action.MAIN cat=[android.intent.category.LAUNCHER] flg=0x10000000 cmp=com.example.dogglers/androidx.test.core.app.InstrumentationActivityInvoker$EmptyActivity }, activity=androidx.test.core.app.InstrumentationActivityInvoker$EmptyActivity@5cab33d
11-15 21:15:39.659 15280 15280 D LifecycleMonitor: Lifecycle status change: androidx.test.core.app.InstrumentationActivityInvoker$BootstrapActivity@81bba54 in: DESTROYED
11-15 21:15:39.659 15280 15280 V ActivityScenario: Activity lifecycle changed event received but ignored because the intent does not match. startActivityIntent=Intent { act=android.intent.action.MAIN cat=[android.intent.category.LAUNCHER] cmp=com.example.dogglers/.MainActivity }, activity.getIntent()=Intent { act=android.intent.action.MAIN cat=[android.intent.category.LAUNCHER] flg=0x10008000 cmp=com.example.dogglers/androidx.test.core.app.InstrumentationActivityInvoker$BootstrapActivity (has extras) }, activity=androidx.test.core.app.InstrumentationActivityInvoker$BootstrapActivity@81bba54
11-15 21:15:39.672 15280 15280 D LifecycleMonitor: Lifecycle status change: androidx.test.core.app.InstrumentationActivityInvoker$EmptyActivity@e60aa2c in: PRE_ON_CREATE
11-15 21:15:39.672 15280 15280 V ActivityScenario: Activity lifecycle changed event received but ignored because the intent does not match. startActivityIntent=Intent { act=android.intent.action.MAIN cat=[android.intent.category.LAUNCHER] cmp=com.example.dogglers/.MainActivity }, activity.getIntent()=Intent { act=android.intent.action.MAIN cat=[android.intent.category.LAUNCHER] flg=0x10000000 cmp=com.example.dogglers/androidx.test.core.app.InstrumentationActivityInvoker$EmptyActivity }, activity=androidx.test.core.app.InstrumentationActivityInvoker$EmptyActivity@e60aa2c
11-15 21:15:39.674 15280 15280 D LifecycleMonitor: Lifecycle status change: androidx.test.core.app.InstrumentationActivityInvoker$EmptyActivity@e60aa2c in: CREATED
11-15 21:15:39.674 15280 15280 V ActivityScenario: Activity lifecycle changed event received but ignored because the intent does not match. startActivityIntent=Intent { act=android.intent.action.MAIN cat=[android.intent.category.LAUNCHER] cmp=com.example.dogglers/.MainActivity }, activity.getIntent()=Intent { act=android.intent.action.MAIN cat=[android.intent.category.LAUNCHER] flg=0x10000000 cmp=com.example.dogglers/androidx.test.core.app.InstrumentationActivityInvoker$EmptyActivity }, activity=androidx.test.core.app.InstrumentationActivityInvoker$EmptyActivity@e60aa2c
11-15 21:15:39.675 15280 15280 D LifecycleMonitor: Lifecycle status change: androidx.test.core.app.InstrumentationActivityInvoker$EmptyActivity@e60aa2c in: STARTED
11-15 21:15:39.675 15280 15280 V ActivityScenario: Activity lifecycle changed event received but ignored because the intent does not match. startActivityIntent=Intent { act=android.intent.action.MAIN cat=[android.intent.category.LAUNCHER] cmp=com.example.dogglers/.MainActivity }, activity.getIntent()=Intent { act=android.intent.action.MAIN cat=[android.intent.category.LAUNCHER] flg=0x10000000 cmp=com.example.dogglers/androidx.test.core.app.InstrumentationActivityInvoker$EmptyActivity }, activity=androidx.test.core.app.InstrumentationActivityInvoker$EmptyActivity@e60aa2c
11-15 21:15:39.676 15280 15280 D LifecycleMonitor: Lifecycle status change: androidx.test.core.app.InstrumentationActivityInvoker$EmptyActivity@e60aa2c in: RESUMED
11-15 21:15:39.676 15280 15280 V ActivityScenario: Activity lifecycle changed event received but ignored because the intent does not match. startActivityIntent=Intent { act=android.intent.action.MAIN cat=[android.intent.category.LAUNCHER] cmp=com.example.dogglers/.MainActivity }, activity.getIntent()=Intent { act=android.intent.action.MAIN cat=[android.intent.category.LAUNCHER] flg=0x10000000 cmp=com.example.dogglers/androidx.test.core.app.InstrumentationActivityInvoker$EmptyActivity }, activity=androidx.test.core.app.InstrumentationActivityInvoker$EmptyActivity@e60aa2c
11-15 21:15:39.690   361   414 D goldfish-address-space: claimShared: Ask to claim region [0x3ee944000 0x3ef2e8000]
11-15 21:15:39.693   361   414 D goldfish-address-space: claimShared: Ask to claim region [0x3f0ec1000 0x3f1865000]
11-15 21:15:39.693   361   361 D goldfish-address-space: claimShared: Ask to claim region [0x3f2209000 0x3f2bad000]
11-15 21:15:39.698   550   572 I ActivityTaskManager: Displayed com.example.dogglers/androidx.test.core.app.InstrumentationActivityInvoker$EmptyActivity: +47ms
11-15 21:15:39.699   361   414 D goldfish-address-space: claimShared: Ask to claim region [0x3f31d9000 0x3f3805000]
11-15 21:15:39.709 15280 15280 D LifecycleMonitor: Lifecycle status change: androidx.test.core.app.InstrumentationActivityInvoker$EmptyActivity@e60aa2c in: PAUSED
11-15 21:15:39.709 15280 15280 V ActivityScenario: Activity lifecycle changed event received but ignored because the intent does not match. startActivityIntent=Intent { act=android.intent.action.MAIN cat=[android.intent.category.LAUNCHER] cmp=com.example.dogglers/.MainActivity }, activity.getIntent()=Intent { act=android.intent.action.MAIN cat=[android.intent.category.LAUNCHER] flg=0x10000000 cmp=com.example.dogglers/androidx.test.core.app.InstrumentationActivityInvoker$EmptyActivity }, activity=androidx.test.core.app.InstrumentationActivityInvoker$EmptyActivity@e60aa2c
11-15 21:15:39.714  1283  1283 I GoogleInputMethodService: GoogleInputMethodService.onFinishInput():3420
11-15 21:15:39.714  1283  1283 I GoogleInputMethodService: GoogleInputMethodService.onStartInput():2002
11-15 21:15:39.714 15280 15280 D LifecycleMonitor: Lifecycle status change: com.example.dogglers.VerticalListActivity@ee41136 in: RESUMED
11-15 21:15:39.714 15280 15280 V ActivityScenario: Activity lifecycle changed event received but ignored because the intent does not match. startActivityIntent=Intent { act=android.intent.action.MAIN cat=[android.intent.category.LAUNCHER] cmp=com.example.dogglers/.MainActivity }, activity.getIntent()=Intent { cmp=com.example.dogglers/.VerticalListActivity }, activity=com.example.dogglers.VerticalListActivity@ee41136
11-15 21:15:39.715  1283  1283 I DeviceUnlockedTag: DeviceUnlockedTag.notifyDeviceLockStatusChanged():31 Notify device unlocked.
11-15 21:15:39.717 15280 15280 D LifecycleMonitor: Lifecycle status change: androidx.test.core.app.InstrumentationActivityInvoker$EmptyActivity@e60aa2c in: STOPPED
11-15 21:15:39.717 15280 15280 V ActivityScenario: Activity lifecycle changed event received but ignored because the intent does not match. startActivityIntent=Intent { act=android.intent.action.MAIN cat=[android.intent.category.LAUNCHER] cmp=com.example.dogglers/.MainActivity }, activity.getIntent()=Intent { act=android.intent.action.MAIN cat=[android.intent.category.LAUNCHER] flg=0x10000000 cmp=com.example.dogglers/androidx.test.core.app.InstrumentationActivityInvoker$EmptyActivity }, activity=androidx.test.core.app.InstrumentationActivityInvoker$EmptyActivity@e60aa2c
11-15 21:15:39.718 15280 15280 D LifecycleMonitor: Lifecycle status change: androidx.test.core.app.InstrumentationActivityInvoker$EmptyActivity@e60aa2c in: DESTROYED
11-15 21:15:39.719 15280 15280 V ActivityScenario: Activity lifecycle changed event received but ignored because the intent does not match. startActivityIntent=Intent { act=android.intent.action.MAIN cat=[android.intent.category.LAUNCHER] cmp=com.example.dogglers/.MainActivity }, activity.getIntent()=Intent { act=android.intent.action.MAIN cat=[android.intent.category.LAUNCHER] flg=0x10000000 cmp=com.example.dogglers/androidx.test.core.app.InstrumentationActivityInvoker$EmptyActivity }, activity=androidx.test.core.app.InstrumentationActivityInvoker$EmptyActivity@e60aa2c
11-15 21:15:39.721   550  2574 W InputManager-JNI: Input channel object '1fa05da com.example.dogglers/androidx.test.core.app.InstrumentationActivityInvoker$EmptyActivity (client)' was disposed without first being removed with the input manager!
11-15 21:15:39.724 15280 15280 D LifecycleMonitor: Lifecycle status change: androidx.test.core.app.InstrumentationActivityInvoker$EmptyActivity@5cab33d in: STOPPED
11-15 21:15:39.724 15280 15280 V ActivityScenario: Activity lifecycle changed event received but ignored because the intent does not match. startActivityIntent=Intent { act=android.intent.action.MAIN cat=[android.intent.category.LAUNCHER] cmp=com.example.dogglers/.MainActivity }, activity.getIntent()=Intent { act=android.intent.action.MAIN cat=[android.intent.category.LAUNCHER] flg=0x10000000 cmp=com.example.dogglers/androidx.test.core.app.InstrumentationActivityInvoker$EmptyActivity }, activity=androidx.test.core.app.InstrumentationActivityInvoker$EmptyActivity@5cab33d
11-15 21:15:39.725 15280 15280 D LifecycleMonitor: Lifecycle status change: androidx.test.core.app.InstrumentationActivityInvoker$EmptyActivity@5cab33d in: DESTROYED
11-15 21:15:39.725 15280 15280 V ActivityScenario: Activity lifecycle changed event received but ignored because the intent does not match. startActivityIntent=Intent { act=android.intent.action.MAIN cat=[android.intent.category.LAUNCHER] cmp=com.example.dogglers/.MainActivity }, activity.getIntent()=Intent { act=android.intent.action.MAIN cat=[android.intent.category.LAUNCHER] flg=0x10000000 cmp=com.example.dogglers/androidx.test.core.app.InstrumentationActivityInvoker$EmptyActivity }, activity=androidx.test.core.app.InstrumentationActivityInvoker$EmptyActivity@5cab33d
11-15 21:15:39.726   550  2574 W InputManager-JNI: Input channel object '6de3b15 com.example.dogglers/androidx.test.core.app.InstrumentationActivityInvoker$EmptyActivity (client)' was disposed without first being removed with the input manager!
11-15 21:15:39.730  1283  1283 I GoogleInputMethodService: GoogleInputMethodService.onFinishInput():3420
11-15 21:15:39.730  1283  1283 I GoogleInputMethodService: GoogleInputMethodService.onStartInput():2002
11-15 21:15:39.731  1283  1283 I DeviceUnlockedTag: DeviceUnlockedTag.notifyDeviceLockStatusChanged():31 Notify device unlocked.
11-15 21:15:39.754 15280 15280 D LifecycleMonitor: Lifecycle status change: com.example.dogglers.MainActivity@d99e43e in: STOPPED
11-15 21:15:39.754 15280 15280 V ActivityScenario: Update currentActivityStage to STOPPED, currentActivity=com.example.dogglers.MainActivity@d99e43e
11-15 21:15:39.755 15280 15280 D LifecycleMonitor: Lifecycle status change: com.example.dogglers.MainActivity@d99e43e in: DESTROYED
11-15 21:15:39.756 15280 15280 V ActivityScenario: Update currentActivityStage to DESTROYED, currentActivity=null
11-15 21:15:39.758   550   896 W InputManager-JNI: Input channel object '918f4f8 com.example.dogglers/com.example.dogglers.MainActivity (client)' was disposed without first being removed with the input manager!
11-15 21:15:39.759 15280 15301 I TestRunner: finished: clicking_vertical_list_button_displays_vertical_list(com.example.dogglers.ButtonTests)
