11-15 21:15:41.070 15280 15301 I TestRunner: started: vertical_list_button_is_displayed(com.example.dogglers.ButtonTests)
11-15 21:15:41.073 15280 15301 W Settings: Setting always_finish_activities has moved from android.provider.Settings.System to android.provider.Settings.Global, returning read-only value.
11-15 21:15:41.076   727   857 D SplashScreenView: Build android.window.SplashScreenView{f00d85 V.E...... ......ID 0,0-0,0}
11-15 21:15:41.076   727   857 D SplashScreenView: Icon: view: null drawable: null size: 0
11-15 21:15:41.076   727   857 D SplashScreenView: Branding: view: android.view.View{43277da G.ED..... ......I. 0,0-0,0 #10204a6 android:id/splashscreen_branding_view} drawable: null size w: 0 h: 0
11-15 21:15:41.082 15280 15280 D LifecycleMonitor: Lifecycle status change: androidx.test.core.app.InstrumentationActivityInvoker$BootstrapActivity@bc827ba in: PRE_ON_CREATE
11-15 21:15:41.082 15280 15280 V ActivityScenario: Activity lifecycle changed event received but ignored because the intent does not match. startActivityIntent=Intent { act=android.intent.action.MAIN cat=[android.intent.category.LAUNCHER] cmp=com.example.dogglers/.MainActivity }, activity.getIntent()=Intent { act=android.intent.action.MAIN cat=[android.intent.category.LAUNCHER] flg=0x10008000 cmp=com.example.dogglers/androidx.test.core.app.InstrumentationActivityInvoker$BootstrapActivity (has extras) }, activity=androidx.test.core.app.InstrumentationActivityInvoker$BootstrapActivity@bc827ba
11-15 21:15:41.086 15280 15280 D LifecycleMonitor: Lifecycle status change: androidx.test.core.app.InstrumentationActivityInvoker$BootstrapActivity@bc827ba in: CREATED
11-15 21:15:41.086 15280 15280 V ActivityScenario: Activity lifecycle changed event received but ignored because the intent does not match. startActivityIntent=Intent { act=android.intent.action.MAIN cat=[android.intent.category.LAUNCHER] cmp=com.example.dogglers/.MainActivity }, activity.getIntent()=Intent { act=android.intent.action.MAIN cat=[android.intent.category.LAUNCHER] flg=0x10008000 cmp=com.example.dogglers/androidx.test.core.app.InstrumentationActivityInvoker$BootstrapActivity (has extras) }, activity=androidx.test.core.app.InstrumentationActivityInvoker$BootstrapActivity@bc827ba
11-15 21:15:41.087 15280 15280 D LifecycleMonitor: Lifecycle status change: androidx.test.core.app.InstrumentationActivityInvoker$BootstrapActivity@bc827ba in: STARTED
11-15 21:15:41.088 15280 15280 V ActivityScenario: Activity lifecycle changed event received but ignored because the intent does not match. startActivityIntent=Intent { act=android.intent.action.MAIN cat=[android.intent.category.LAUNCHER] cmp=com.example.dogglers/.MainActivity }, activity.getIntent()=Intent { act=android.intent.action.MAIN cat=[android.intent.category.LAUNCHER] flg=0x10008000 cmp=com.example.dogglers/androidx.test.core.app.InstrumentationActivityInvoker$BootstrapActivity (has extras) }, activity=androidx.test.core.app.InstrumentationActivityInvoker$BootstrapActivity@bc827ba
11-15 21:15:41.090 15280 15280 D LifecycleMonitor: Lifecycle status change: androidx.test.core.app.InstrumentationActivityInvoker$BootstrapActivity@bc827ba in: RESUMED
11-15 21:15:41.090 15280 15280 V ActivityScenario: Activity lifecycle changed event received but ignored because the intent does not match. startActivityIntent=Intent { act=android.intent.action.MAIN cat=[android.intent.category.LAUNCHER] cmp=com.example.dogglers/.MainActivity }, activity.getIntent()=Intent { act=android.intent.action.MAIN cat=[android.intent.category.LAUNCHER] flg=0x10008000 cmp=com.example.dogglers/androidx.test.core.app.InstrumentationActivityInvoker$BootstrapActivity (has extras) }, activity=androidx.test.core.app.InstrumentationActivityInvoker$BootstrapActivity@bc827ba
11-15 21:15:41.092   361   361 D goldfish-address-space: claimShared: Ask to claim region [0x3eef70000 0x3ef914000]
11-15 21:15:41.095   361   361 D goldfish-address-space: claimShared: Ask to claim region [0x3f1865000 0x3f2209000]
11-15 21:15:41.096 15280 15280 D LifecycleMonitor: Lifecycle status change: androidx.test.core.app.InstrumentationActivityInvoker$BootstrapActivity@bc827ba in: PAUSED
11-15 21:15:41.096   361   361 D goldfish-address-space: claimShared: Ask to claim region [0x3f4a42000 0x3f53e6000]
11-15 21:15:41.097 15280 15280 V ActivityScenario: Activity lifecycle changed event received but ignored because the intent does not match. startActivityIntent=Intent { act=android.intent.action.MAIN cat=[android.intent.category.LAUNCHER] cmp=com.example.dogglers/.MainActivity }, activity.getIntent()=Intent { act=android.intent.action.MAIN cat=[android.intent.category.LAUNCHER] flg=0x10008000 cmp=com.example.dogglers/androidx.test.core.app.InstrumentationActivityInvoker$BootstrapActivity (has extras) }, activity=androidx.test.core.app.InstrumentationActivityInvoker$BootstrapActivity@bc827ba
11-15 21:15:41.107 15280 15280 D LifecycleMonitor: Lifecycle status change: com.example.dogglers.MainActivity@f25f674 in: PRE_ON_CREATE
11-15 21:15:41.107 15280 15280 V ActivityScenario: Activity lifecycle changed event received but ignored because the reported transition was not ON_CREATE while the last known transition was PRE_ON_CREATE
11-15 21:15:41.115 15280 15280 D LifecycleMonitor: Lifecycle status change: com.example.dogglers.MainActivity@f25f674 in: CREATED
11-15 21:15:41.115 15280 15280 V ActivityScenario: Update currentActivityStage to CREATED, currentActivity=com.example.dogglers.MainActivity@f25f674
11-15 21:15:41.116 15280 15280 D LifecycleMonitor: Lifecycle status change: com.example.dogglers.MainActivity@f25f674 in: STARTED
11-15 21:15:41.116 15280 15280 V ActivityScenario: Update currentActivityStage to STARTED, currentActivity=com.example.dogglers.MainActivity@f25f674
11-15 21:15:41.117 15280 15280 D LifecycleMonitor: Lifecycle status change: com.example.dogglers.MainActivity@f25f674 in: RESUMED
11-15 21:15:41.117 15280 15280 V ActivityScenario: Update currentActivityStage to RESUMED, currentActivity=com.example.dogglers.MainActivity@f25f674
11-15 21:15:41.121 15280 15280 D LifecycleMonitor: Lifecycle status change: androidx.test.core.app.InstrumentationActivityInvoker$BootstrapActivity@bc827ba in: STOPPED
11-15 21:15:41.121 15280 15280 V ActivityScenario: Activity lifecycle changed event received but ignored because the intent does not match. startActivityIntent=Intent { act=android.intent.action.MAIN cat=[android.intent.category.LAUNCHER] cmp=com.example.dogglers/.MainActivity }, activity.getIntent()=Intent { act=android.intent.action.MAIN cat=[android.intent.category.LAUNCHER] flg=0x10008000 cmp=com.example.dogglers/androidx.test.core.app.InstrumentationActivityInvoker$BootstrapActivity (has extras) }, activity=androidx.test.core.app.InstrumentationActivityInvoker$BootstrapActivity@bc827ba
11-15 21:15:41.129   361   361 D goldfish-address-space: claimShared: Ask to claim region [0x3f53e6000 0x3f5d8a000]
11-15 21:15:41.133   361   361 D goldfish-address-space: claimShared: Ask to claim region [0x3f5d8a000 0x3f672e000]
11-15 21:15:41.133   361   361 D goldfish-address-space: claimShared: Ask to claim region [0x3f672e000 0x3f70d2000]
11-15 21:15:41.142   550   572 I ActivityTaskManager: Displayed com.example.dogglers/.MainActivity: +66ms
11-15 21:15:41.144 15280 15280 D RootViewPicker: Root not ready - waiting: 10ms for one to appear.
11-15 21:15:41.155  1283  1283 I GoogleInputMethodService: GoogleInputMethodService.onFinishInput():3420
11-15 21:15:41.156  1283  1283 I GoogleInputMethodService: GoogleInputMethodService.onStartInput():2002
11-15 21:15:41.156  1283  1283 I DeviceUnlockedTag: DeviceUnlockedTag.notifyDeviceLockStatusChanged():31 Notify device unlocked.
11-15 21:15:41.180  1368  1368 I GsaVoiceInteractionSrv: Handling ACTION_STOP_HOTWORD
11-15 21:15:41.180  1368  1368 E HwDetectorWithState: a: 3
11-15 21:15:41.189 15280 15280 I ViewInteraction: Checking 'MatchesViewAssertion{viewMatcher=(view has effective visibility <VISIBLE> and view.getGlobalVisibleRect() to return non-empty rectangle)}' assertion on view view.getId() is <2131231204/com.example.dogglers:id/vertical_btn>
11-15 21:15:41.193 15280 15280 D LifecycleMonitor: Lifecycle status change: com.example.dogglers.MainActivity@f25f674 in: PAUSED
11-15 21:15:41.193 15280 15280 V ActivityScenario: Update currentActivityStage to PAUSED, currentActivity=com.example.dogglers.MainActivity@f25f674
11-15 21:15:41.197 15280 15280 D LifecycleMonitor: Lifecycle status change: androidx.test.core.app.InstrumentationActivityInvoker$EmptyActivity@31ffa3d in: PRE_ON_CREATE
11-15 21:15:41.197 15280 15280 V ActivityScenario: Activity lifecycle changed event received but ignored because the intent does not match. startActivityIntent=Intent { act=android.intent.action.MAIN cat=[android.intent.category.LAUNCHER] cmp=com.example.dogglers/.MainActivity }, activity.getIntent()=Intent { act=android.intent.action.MAIN cat=[android.intent.category.LAUNCHER] flg=0x10000000 cmp=com.example.dogglers/androidx.test.core.app.InstrumentationActivityInvoker$EmptyActivity }, activity=androidx.test.core.app.InstrumentationActivityInvoker$EmptyActivity@31ffa3d
11-15 21:15:41.199 15280 15280 D LifecycleMonitor: Lifecycle status change: androidx.test.core.app.InstrumentationActivityInvoker$EmptyActivity@31ffa3d in: CREATED
11-15 21:15:41.200 15280 15280 V ActivityScenario: Activity lifecycle changed event received but ignored because the intent does not match. startActivityIntent=Intent { act=android.intent.action.MAIN cat=[android.intent.category.LAUNCHER] cmp=com.example.dogglers/.MainActivity }, activity.getIntent()=Intent { act=android.intent.action.MAIN cat=[android.intent.category.LAUNCHER] flg=0x10000000 cmp=com.example.dogglers/androidx.test.core.app.InstrumentationActivityInvoker$EmptyActivity }, activity=androidx.test.core.app.InstrumentationActivityInvoker$EmptyActivity@31ffa3d
11-15 21:15:41.200 15280 15280 D LifecycleMonitor: Lifecycle status change: androidx.test.core.app.InstrumentationActivityInvoker$EmptyActivity@31ffa3d in: STARTED
11-15 21:15:41.201 15280 15280 V ActivityScenario: Activity lifecycle changed event received but ignored because the intent does not match. startActivityIntent=Intent { act=android.intent.action.MAIN cat=[android.intent.category.LAUNCHER] cmp=com.example.dogglers/.MainActivity }, activity.getIntent()=Intent { act=android.intent.action.MAIN cat=[android.intent.category.LAUNCHER] flg=0x10000000 cmp=com.example.dogglers/androidx.test.core.app.InstrumentationActivityInvoker$EmptyActivity }, activity=androidx.test.core.app.InstrumentationActivityInvoker$EmptyActivity@31ffa3d
11-15 21:15:41.201 15280 15280 D LifecycleMonitor: Lifecycle status change: androidx.test.core.app.InstrumentationActivityInvoker$EmptyActivity@31ffa3d in: RESUMED
11-15 21:15:41.201 15280 15280 V ActivityScenario: Activity lifecycle changed event received but ignored because the intent does not match. startActivityIntent=Intent { act=android.intent.action.MAIN cat=[android.intent.category.LAUNCHER] cmp=com.example.dogglers/.MainActivity }, activity.getIntent()=Intent { act=android.intent.action.MAIN cat=[android.intent.category.LAUNCHER] flg=0x10000000 cmp=com.example.dogglers/androidx.test.core.app.InstrumentationActivityInvoker$EmptyActivity }, activity=androidx.test.core.app.InstrumentationActivityInvoker$EmptyActivity@31ffa3d
11-15 21:15:41.210   361   361 D goldfish-address-space: claimShared: Ask to claim region [0x3f70d2000 0x3f7a76000]
11-15 21:15:41.211   361   361 D goldfish-address-space: claimShared: Ask to claim region [0x3fb2d6000 0x3fbc7a000]
11-15 21:15:41.212   361   361 D goldfish-address-space: claimShared: Ask to claim region [0x3fa72b000 0x3fb0cf000]
11-15 21:15:41.215   550   572 I ActivityTaskManager: Displayed com.example.dogglers/androidx.test.core.app.InstrumentationActivityInvoker$EmptyActivity: +24ms
11-15 21:15:41.224  1283  1283 I GoogleInputMethodService: GoogleInputMethodService.onFinishInput():3420
11-15 21:15:41.224  1283  1283 I GoogleInputMethodService: GoogleInputMethodService.onStartInput():2002
11-15 21:15:41.225  1283  1283 I DeviceUnlockedTag: DeviceUnlockedTag.notifyDeviceLockStatusChanged():31 Notify device unlocked.
11-15 21:15:41.255 15280 15280 D LifecycleMonitor: Lifecycle status change: androidx.test.core.app.InstrumentationActivityInvoker$EmptyActivity@31ffa3d in: PAUSED
11-15 21:15:41.256 15280 15280 V ActivityScenario: Activity lifecycle changed event received but ignored because the intent does not match. startActivityIntent=Intent { act=android.intent.action.MAIN cat=[android.intent.category.LAUNCHER] cmp=com.example.dogglers/.MainActivity }, activity.getIntent()=Intent { act=android.intent.action.MAIN cat=[android.intent.category.LAUNCHER] flg=0x10000000 cmp=com.example.dogglers/androidx.test.core.app.InstrumentationActivityInvoker$EmptyActivity }, activity=androidx.test.core.app.InstrumentationActivityInvoker$EmptyActivity@31ffa3d
11-15 21:15:41.258 15280 15280 D LifecycleMonitor: Lifecycle status change: androidx.test.core.app.InstrumentationActivityInvoker$BootstrapActivity@bc827ba in: DESTROYED
11-15 21:15:41.258 15280 15280 V ActivityScenario: Activity lifecycle changed event received but ignored because the intent does not match. startActivityIntent=Intent { act=android.intent.action.MAIN cat=[android.intent.category.LAUNCHER] cmp=com.example.dogglers/.MainActivity }, activity.getIntent()=Intent { act=android.intent.action.MAIN cat=[android.intent.category.LAUNCHER] flg=0x10008000 cmp=com.example.dogglers/androidx.test.core.app.InstrumentationActivityInvoker$BootstrapActivity (has extras) }, activity=androidx.test.core.app.InstrumentationActivityInvoker$BootstrapActivity@bc827ba
11-15 21:15:41.260 15280 15280 D LifecycleMonitor: Lifecycle status change: androidx.test.core.app.InstrumentationActivityInvoker$EmptyActivity@a35f58a in: PRE_ON_CREATE
11-15 21:15:41.260 15280 15280 V ActivityScenario: Activity lifecycle changed event received but ignored because the intent does not match. startActivityIntent=Intent { act=android.intent.action.MAIN cat=[android.intent.category.LAUNCHER] cmp=com.example.dogglers/.MainActivity }, activity.getIntent()=Intent { act=android.intent.action.MAIN cat=[android.intent.category.LAUNCHER] flg=0x10000000 cmp=com.example.dogglers/androidx.test.core.app.InstrumentationActivityInvoker$EmptyActivity }, activity=androidx.test.core.app.InstrumentationActivityInvoker$EmptyActivity@a35f58a
11-15 21:15:41.262 15280 15280 D LifecycleMonitor: Lifecycle status change: androidx.test.core.app.InstrumentationActivityInvoker$EmptyActivity@a35f58a in: CREATED
11-15 21:15:41.262 15280 15280 V ActivityScenario: Activity lifecycle changed event received but ignored because the intent does not match. startActivityIntent=Intent { act=android.intent.action.MAIN cat=[android.intent.category.LAUNCHER] cmp=com.example.dogglers/.MainActivity }, activity.getIntent()=Intent { act=android.intent.action.MAIN cat=[android.intent.category.LAUNCHER] flg=0x10000000 cmp=com.example.dogglers/androidx.test.core.app.InstrumentationActivityInvoker$EmptyActivity }, activity=androidx.test.core.app.InstrumentationActivityInvoker$EmptyActivity@a35f58a
11-15 21:15:41.263 15280 15280 D LifecycleMonitor: Lifecycle status change: androidx.test.core.app.InstrumentationActivityInvoker$EmptyActivity@a35f58a in: STARTED
11-15 21:15:41.263 15280 15280 V ActivityScenario: Activity lifecycle changed event received but ignored because the intent does not match. startActivityIntent=Intent { act=android.intent.action.MAIN cat=[android.intent.category.LAUNCHER] cmp=com.example.dogglers/.MainActivity }, activity.getIntent()=Intent { act=android.intent.action.MAIN cat=[android.intent.category.LAUNCHER] flg=0x10000000 cmp=com.example.dogglers/androidx.test.core.app.InstrumentationActivityInvoker$EmptyActivity }, activity=androidx.test.core.app.InstrumentationActivityInvoker$EmptyActivity@a35f58a
11-15 21:15:41.264 15280 15280 D LifecycleMonitor: Lifecycle status change: androidx.test.core.app.InstrumentationActivityInvoker$EmptyActivity@a35f58a in: RESUMED
11-15 21:15:41.264 15280 15280 V ActivityScenario: Activity lifecycle changed event received but ignored because the intent does not match. startActivityIntent=Intent { act=android.intent.action.MAIN cat=[android.intent.category.LAUNCHER] cmp=com.example.dogglers/.MainActivity }, activity.getIntent()=Intent { act=android.intent.action.MAIN cat=[android.intent.category.LAUNCHER] flg=0x10000000 cmp=com.example.dogglers/androidx.test.core.app.InstrumentationActivityInvoker$EmptyActivity }, activity=androidx.test.core.app.InstrumentationActivityInvoker$EmptyActivity@a35f58a
11-15 21:15:41.276   361   361 D goldfish-address-space: claimShared: Ask to claim region [0x3f8000000 0x3f89a4000]
11-15 21:15:41.277   361   361 D goldfish-address-space: claimShared: Ask to claim region [0x3f89a4000 0x3f9348000]
11-15 21:15:41.278   361   361 D goldfish-address-space: claimShared: Ask to claim region [0x3f9348000 0x3f9cec000]
11-15 21:15:41.282   550   572 I ActivityTaskManager: Displayed com.example.dogglers/androidx.test.core.app.InstrumentationActivityInvoker$EmptyActivity: +40ms
11-15 21:15:41.286   361   361 D goldfish-address-space: claimShared: Ask to claim region [0x3ec000000 0x3ec62c000]
11-15 21:15:41.300 15280 15280 D LifecycleMonitor: Lifecycle status change: androidx.test.core.app.InstrumentationActivityInvoker$EmptyActivity@a35f58a in: PAUSED
11-15 21:15:41.300  1086  1103 W System  : A resource failed to call release.
11-15 21:15:41.300  1086  1103 W System  : A resource failed to call release.
11-15 21:15:41.300  1086  1103 W System  : A resource failed to call release.
11-15 21:15:41.300  1086  1103 W System  : A resource failed to call release.
11-15 21:15:41.300  1086  1103 W System  : A resource failed to call release.
11-15 21:15:41.300  1086  1103 W System  : A resource failed to call release.
11-15 21:15:41.300  1086  1103 W System  : A resource failed to call release.
11-15 21:15:41.300  1086  1103 W System  : A resource failed to call release.
11-15 21:15:41.300 15280 15280 V ActivityScenario: Activity lifecycle changed event received but ignored because the intent does not match. startActivityIntent=Intent { act=android.intent.action.MAIN cat=[android.intent.category.LAUNCHER] cmp=com.example.dogglers/.MainActivity }, activity.getIntent()=Intent { act=android.intent.action.MAIN cat=[android.intent.category.LAUNCHER] flg=0x10000000 cmp=com.example.dogglers/androidx.test.core.app.InstrumentationActivityInvoker$EmptyActivity }, activity=androidx.test.core.app.InstrumentationActivityInvoker$EmptyActivity@a35f58a
11-15 21:15:41.300  1086  1103 W System  : A resource failed to call release.
11-15 21:15:41.306  1368  1368 I GsaVoiceInteractionSrv: Handling ACTION_START_HOTWORD
11-15 21:15:41.306  1368  1368 I GsaVoiceInteractionSrv: disregardVoiceMatch: false
11-15 21:15:41.306  1368  1368 I GsaVoiceInteractionSrv: Cannot start hotword, hotword has been explicitly disabled.
11-15 21:15:41.390   727   920 D EGL_emulation: app_time_stats: avg=32.26ms min=11.46ms max=412.83ms count=31
11-15 21:15:41.391   727   920 D EGL_emulation: app_time_stats: avg=32.26ms min=12.65ms max=413.45ms count=31
11-15 21:15:41.422   550  4372 W InputManager-JNI: Input channel object '3cede10 Splash Screen com.example.dogglers (client)' was disposed without first being removed with the input manager!
11-15 21:15:41.438  1283  1283 I GoogleInputMethodService: GoogleInputMethodService.onFinishInput():3420
11-15 21:15:41.438  1283  1283 I GoogleInputMethodService: GoogleInputMethodService.onStartInput():2002
11-15 21:15:41.439  1283  1283 I DeviceUnlockedTag: DeviceUnlockedTag.notifyDeviceLockStatusChanged():31 Notify device unlocked.
11-15 21:15:41.792 15280 15280 D LifecycleMonitor: Lifecycle status change: androidx.test.core.app.InstrumentationActivityInvoker$EmptyActivity@a35f58a in: STOPPED
11-15 21:15:41.792 15280 15280 V ActivityScenario: Activity lifecycle changed event received but ignored because the intent does not match. startActivityIntent=Intent { act=android.intent.action.MAIN cat=[android.intent.category.LAUNCHER] cmp=com.example.dogglers/.MainActivity }, activity.getIntent()=Intent { act=android.intent.action.MAIN cat=[android.intent.category.LAUNCHER] flg=0x10000000 cmp=com.example.dogglers/androidx.test.core.app.InstrumentationActivityInvoker$EmptyActivity }, activity=androidx.test.core.app.InstrumentationActivityInvoker$EmptyActivity@a35f58a
11-15 21:15:41.793 15280 15280 D LifecycleMonitor: Lifecycle status change: androidx.test.core.app.InstrumentationActivityInvoker$EmptyActivity@a35f58a in: DESTROYED
11-15 21:15:41.794 15280 15280 V ActivityScenario: Activity lifecycle changed event received but ignored because the intent does not match. startActivityIntent=Intent { act=android.intent.action.MAIN cat=[android.intent.category.LAUNCHER] cmp=com.example.dogglers/.MainActivity }, activity.getIntent()=Intent { act=android.intent.action.MAIN cat=[android.intent.category.LAUNCHER] flg=0x10000000 cmp=com.example.dogglers/androidx.test.core.app.InstrumentationActivityInvoker$EmptyActivity }, activity=androidx.test.core.app.InstrumentationActivityInvoker$EmptyActivity@a35f58a
11-15 21:15:41.795   550   896 W InputManager-JNI: Input channel object 'a4573e8 com.example.dogglers/androidx.test.core.app.InstrumentationActivityInvoker$EmptyActivity (client)' was disposed without first being removed with the input manager!
11-15 21:15:41.796 15280 15280 D LifecycleMonitor: Lifecycle status change: androidx.test.core.app.InstrumentationActivityInvoker$EmptyActivity@31ffa3d in: STOPPED
11-15 21:15:41.796 15280 15280 V ActivityScenario: Activity lifecycle changed event received but ignored because the intent does not match. startActivityIntent=Intent { act=android.intent.action.MAIN cat=[android.intent.category.LAUNCHER] cmp=com.example.dogglers/.MainActivity }, activity.getIntent()=Intent { act=android.intent.action.MAIN cat=[android.intent.category.LAUNCHER] flg=0x10000000 cmp=com.example.dogglers/androidx.test.core.app.InstrumentationActivityInvoker$EmptyActivity }, activity=androidx.test.core.app.InstrumentationActivityInvoker$EmptyActivity@31ffa3d
11-15 21:15:41.797 15280 15280 D LifecycleMonitor: Lifecycle status change: androidx.test.core.app.InstrumentationActivityInvoker$EmptyActivity@31ffa3d in: DESTROYED
11-15 21:15:41.797 15280 15280 V ActivityScenario: Activity lifecycle changed event received but ignored because the intent does not match. startActivityIntent=Intent { act=android.intent.action.MAIN cat=[android.intent.category.LAUNCHER] cmp=com.example.dogglers/.MainActivity }, activity.getIntent()=Intent { act=android.intent.action.MAIN cat=[android.intent.category.LAUNCHER] flg=0x10000000 cmp=com.example.dogglers/androidx.test.core.app.InstrumentationActivityInvoker$EmptyActivity }, activity=androidx.test.core.app.InstrumentationActivityInvoker$EmptyActivity@31ffa3d
11-15 21:15:41.798   550   896 W InputManager-JNI: Input channel object '55c75ff com.example.dogglers/androidx.test.core.app.InstrumentationActivityInvoker$EmptyActivity (client)' was disposed without first being removed with the input manager!
11-15 21:15:41.800 15280 15280 D LifecycleMonitor: Lifecycle status change: com.example.dogglers.MainActivity@f25f674 in: STOPPED
11-15 21:15:41.800 15280 15280 V ActivityScenario: Update currentActivityStage to STOPPED, currentActivity=com.example.dogglers.MainActivity@f25f674
11-15 21:15:41.801 15280 15280 D LifecycleMonitor: Lifecycle status change: com.example.dogglers.MainActivity@f25f674 in: DESTROYED
11-15 21:15:41.801 15280 15280 V ActivityScenario: Update currentActivityStage to DESTROYED, currentActivity=null
11-15 21:15:41.801 15280 15301 I TestRunner: finished: vertical_list_button_is_displayed(com.example.dogglers.ButtonTests)
